Nothing to build in platform 'mp0_wrapper'

11:47:50 **** Incremental Build of configuration Debug for project MP0_Design ****
make all 
make --no-print-directory pre-build
a9-linaro-pre-build-step
' '
make --no-print-directory main-build
'Building file: ../src/helloworld.c'
'Invoking: ARM v7 gcc compiler'
arm-none-eabi-gcc -Wall -O0 -g3 -c -fmessage-length=0 -MT"src/helloworld.o" -mcpu=cortex-a9 -mfpu=vfpv3 -mfloat-abi=hard -IC:/Users/zfsalti/workspace/mp0_wrapper/export/mp0_wrapper/sw/mp0_wrapper/domain_ps7_cortexa9_0/bspinclude/include -MMD -MP -MF"src/helloworld.d" -MT"src/helloworld.o" -o "src/helloworld.o" "../src/helloworld.c"
'Finished building: ../src/helloworld.c'
' '
'Building target: MP0_Design.elf'
'Invoking: ARM v7 gcc linker'
arm-none-eabi-gcc -mcpu=cortex-a9 -mfpu=vfpv3 -mfloat-abi=hard -Wl,-build-id=none -specs=Xilinx.spec -Wl,-T -Wl,../src/lscript.ld -LC:/Users/zfsalti/workspace/mp0_wrapper/export/mp0_wrapper/sw/mp0_wrapper/domain_ps7_cortexa9_0/bsplib/lib -o "MP0_Design.elf"  ./src/helloworld.o ./src/platform.o   -Wl,--start-group,-lxil,-lgcc,-lc,--end-group
'Finished building target: MP0_Design.elf'
' '
'Invoking: ARM v7 Print Size'
arm-none-eabi-size MP0_Design.elf  |tee "MP0_Design.elf.size"
   text	   data	    bss	    dec	    hex	filename
  19164	   1144	  22568	  42876	   a77c	MP0_Design.elf
'Finished building: MP0_Design.elf.size'
' '
