
*** Running vivado
    with args -log mp0_system_ila_1_0.vds -m64 -product Vivado -mode batch -messageDb vivado.pb -notrace -source mp0_system_ila_1_0.tcl



****** Vivado v2020.1 (64-bit)
  **** SW Build 2902540 on Wed May 27 19:54:49 MDT 2020
  **** IP Build 2902112 on Wed May 27 22:43:36 MDT 2020
    ** Copyright 1986-2020 Xilinx, Inc. All Rights Reserved.

source mp0_system_ila_1_0.tcl -notrace
Command: synth_design -top mp0_system_ila_1_0 -part xc7z020clg484-1 -mode out_of_context
Starting synth_design
Attempting to get a license for feature 'Synthesis' and/or device 'xc7z020'
INFO: [Common 17-349] Got license for feature 'Synthesis' and/or device 'xc7z020'
INFO: [Device 21-403] Loading part xc7z020clg484-1
INFO: [Synth 8-7079] Multithreading enabled for synth_design using a maximum of 2 processes.
INFO: [Synth 8-7078] Launching helper process for spawning children vivado processes
INFO: [Synth 8-7075] Helper process launched with PID 16416
---------------------------------------------------------------------------------
Starting RTL Elaboration : Time (s): cpu = 00:00:05 ; elapsed = 00:00:06 . Memory (MB): peak = 1012.965 ; gain = 0.000
---------------------------------------------------------------------------------
INFO: [Synth 8-638] synthesizing module 'mp0_system_ila_1_0' [c:/Users/zfsalti/488/MP-0/hw/hdl/mp0/ip/mp0_system_ila_1_0/synth/mp0_system_ila_1_0.vhd:75]
INFO: [Synth 8-3491] module 'bd_5b19' declared at 'c:/Users/zfsalti/488/MP-0/hw/hdl/mp0/ip/mp0_system_ila_1_0/bd_0/synth/bd_5b19.vhd:11' bound to instance 'U0' of component 'bd_5b19' [c:/Users/zfsalti/488/MP-0/hw/hdl/mp0/ip/mp0_system_ila_1_0/synth/mp0_system_ila_1_0.vhd:275]
INFO: [Synth 8-638] synthesizing module 'bd_5b19' [c:/Users/zfsalti/488/MP-0/hw/hdl/mp0/ip/mp0_system_ila_1_0/bd_0/synth/bd_5b19.vhd:34]
INFO: [Synth 8-3491] module 'bd_5b19_g_inst_0' declared at 'c:/Users/zfsalti/488/MP-0/hw/hdl/mp0/ip/mp0_system_ila_1_0/bd_0/ip/ip_1/synth/bd_5b19_g_inst_0.v:116' bound to instance 'g_inst' of component 'bd_5b19_g_inst_0' [c:/Users/zfsalti/488/MP-0/hw/hdl/mp0/ip/mp0_system_ila_1_0/bd_0/synth/bd_5b19.vhd:118]
INFO: [Synth 8-6157] synthesizing module 'bd_5b19_g_inst_0' [c:/Users/zfsalti/488/MP-0/hw/hdl/mp0/ip/mp0_system_ila_1_0/bd_0/ip/ip_1/synth/bd_5b19_g_inst_0.v:116]
