
*** Running vivado
    with args -log mp0_wrapper.vdi -applog -m64 -product Vivado -messageDb vivado.pb -mode batch -source mp0_wrapper.tcl -notrace



****** Vivado v2020.1 (64-bit)
  **** SW Build 2902540 on Wed May 27 19:54:49 MDT 2020
  **** IP Build 2902112 on Wed May 27 22:43:36 MDT 2020
    ** Copyright 1986-2020 Xilinx, Inc. All Rights Reserved.

source mp0_wrapper.tcl -notrace
INFO: [IP_Flow 19-234] Refreshing IP repositories
INFO: [IP_Flow 19-1704] No user IP repositories specified
INFO: [IP_Flow 19-2313] Loaded Vivado IP repository 'C:/Xilinx/Vivado/2020.1/data/ip'.
Command: link_design -top mp0_wrapper -part xc7z020clg484-1
Design is defaulting to srcset: sources_1
Design is defaulting to constrset: constrs_1
INFO: [Device 21-403] Loading part xc7z020clg484-1
INFO: [Project 1-454] Reading design checkpoint 'c:/Users/zfsalti/488/MP-0/hw/hdl/mp0/ip/mp0_axi_gpio_0_0/mp0_axi_gpio_0_0.dcp' for cell 'mp0_i/axi_gpio_0'
INFO: [Project 1-454] Reading design checkpoint 'c:/Users/zfsalti/488/MP-0/hw/hdl/mp0/ip/mp0_axi_gpio_0_1/mp0_axi_gpio_0_1.dcp' for cell 'mp0_i/axi_gpio_1'
INFO: [Project 1-454] Reading design checkpoint 'c:/Users/zfsalti/488/MP-0/hw/hdl/mp0/ip/mp0_axi_gpio_0_2/mp0_axi_gpio_0_2.dcp' for cell 'mp0_i/axi_gpio_2'
INFO: [Project 1-454] Reading design checkpoint 'c:/Users/zfsalti/488/MP-0/hw/hdl/mp0/ip/mp0_axi_vdma_0_0/mp0_axi_vdma_0_0.dcp' for cell 'mp0_i/axi_vdma_0'
INFO: [Project 1-454] Reading design checkpoint 'c:/Users/zfsalti/488/MP-0/hw/hdl/mp0/ip/mp0_axis_subset_converter_0_1/mp0_axis_subset_converter_0_1.dcp' for cell 'mp0_i/axis_subset_converter_0'
INFO: [Project 1-454] Reading design checkpoint 'c:/Users/zfsalti/488/MP-0/hw/hdl/mp0/ip/mp0_clk_wiz_0_1/mp0_clk_wiz_0_1.dcp' for cell 'mp0_i/clk_wiz_0'
INFO: [Project 1-454] Reading design checkpoint 'c:/Users/zfsalti/488/MP-0/hw/hdl/mp0/ip/mp0_processing_system7_0_0/mp0_processing_system7_0_0.dcp' for cell 'mp0_i/processing_system7_0'
INFO: [Project 1-454] Reading design checkpoint 'c:/Users/zfsalti/488/MP-0/hw/hdl/mp0/ip/mp0_rst_mp0_25M_0/mp0_rst_mp0_25M_0.dcp' for cell 'mp0_i/rst_mp0_25M'
INFO: [Project 1-454] Reading design checkpoint 'c:/Users/zfsalti/488/MP-0/hw/hdl/mp0/ip/mp0_rst_ps7_0_100M_1/mp0_rst_ps7_0_100M_1.dcp' for cell 'mp0_i/rst_ps7_0_100M'
INFO: [Project 1-454] Reading design checkpoint 'c:/Users/zfsalti/488/MP-0/hw/hdl/mp0/ip/mp0_system_ila_0_0/mp0_system_ila_0_0.dcp' for cell 'mp0_i/system_ila_0'
INFO: [Project 1-454] Reading design checkpoint 'c:/Users/zfsalti/488/MP-0/hw/hdl/mp0/ip/mp0_system_ila_1_0/mp0_system_ila_1_0.dcp' for cell 'mp0_i/system_ila_1'
INFO: [Project 1-454] Reading design checkpoint 'c:/Users/zfsalti/488/MP-0/hw/hdl/mp0/ip/mp0_auto_pc_1/mp0_auto_pc_1.dcp' for cell 'mp0_i/axi_mem_intercon/s00_couplers/auto_pc'
INFO: [Project 1-454] Reading design checkpoint 'c:/Users/zfsalti/488/MP-0/hw/hdl/mp0/ip/mp0_xbar_0/mp0_xbar_0.dcp' for cell 'mp0_i/ps7_0_axi_periph/xbar'
INFO: [Project 1-454] Reading design checkpoint 'c:/Users/zfsalti/488/MP-0/hw/hdl/mp0/ip/mp0_auto_pc_0/mp0_auto_pc_0.dcp' for cell 'mp0_i/ps7_0_axi_periph/s00_couplers/auto_pc'
Netlist sorting complete. Time (s): cpu = 00:00:00 ; elapsed = 00:00:00.099 . Memory (MB): peak = 1012.559 ; gain = 0.000
INFO: [Netlist 29-17] Analyzing 632 Unisim elements for replacement
INFO: [Netlist 29-28] Unisim Transformation completed in 0 CPU seconds
INFO: [Project 1-479] Netlist was created with Vivado 2020.1
INFO: [Project 1-570] Preparing netlist for logic optimization
WARNING: [Opt 31-32] Removing redundant IBUF since it is not being driven by a top-level port. mp0_i/clk_wiz_0/inst/clkin1_ibufg 
Resolution: The tool has removed redundant IBUF. To resolve this warning, check for redundant IBUF in the input design.
WARNING: [Constraints 18-550] Could not create 'IBUF_LOW_PWR' constraint because net 'mp0_i/clk_wiz_0/clk_in1' is not directly connected to top level port. Synthesis is ignored for IBUF_LOW_PWR but preserved for implementation.
INFO: [Chipscope 16-324] Core: mp0_i/system_ila_0/U0/ila_lib UUID: efe1bb6a-fade-5964-83a9-68de30fba279 
INFO: [Chipscope 16-324] Core: mp0_i/system_ila_1/U0/ila_lib UUID: a6fc287a-dd95-5130-9b80-8006dbaaa2fe 
Parsing XDC File [c:/Users/zfsalti/488/MP-0/hw/hdl/mp0/ip/mp0_processing_system7_0_0/mp0_processing_system7_0_0.xdc] for cell 'mp0_i/processing_system7_0/inst'
Finished Parsing XDC File [c:/Users/zfsalti/488/MP-0/hw/hdl/mp0/ip/mp0_processing_system7_0_0/mp0_processing_system7_0_0.xdc] for cell 'mp0_i/processing_system7_0/inst'
Parsing XDC File [c:/Users/zfsalti/488/MP-0/hw/hdl/mp0/ip/mp0_axi_gpio_0_0/mp0_axi_gpio_0_0_board.xdc] for cell 'mp0_i/axi_gpio_0/U0'
Finished Parsing XDC File [c:/Users/zfsalti/488/MP-0/hw/hdl/mp0/ip/mp0_axi_gpio_0_0/mp0_axi_gpio_0_0_board.xdc] for cell 'mp0_i/axi_gpio_0/U0'
Parsing XDC File [c:/Users/zfsalti/488/MP-0/hw/hdl/mp0/ip/mp0_axi_gpio_0_0/mp0_axi_gpio_0_0.xdc] for cell 'mp0_i/axi_gpio_0/U0'
Finished Parsing XDC File [c:/Users/zfsalti/488/MP-0/hw/hdl/mp0/ip/mp0_axi_gpio_0_0/mp0_axi_gpio_0_0.xdc] for cell 'mp0_i/axi_gpio_0/U0'
Parsing XDC File [c:/Users/zfsalti/488/MP-0/hw/hdl/mp0/ip/mp0_axi_gpio_0_1/mp0_axi_gpio_0_1_board.xdc] for cell 'mp0_i/axi_gpio_1/U0'
Finished Parsing XDC File [c:/Users/zfsalti/488/MP-0/hw/hdl/mp0/ip/mp0_axi_gpio_0_1/mp0_axi_gpio_0_1_board.xdc] for cell 'mp0_i/axi_gpio_1/U0'
Parsing XDC File [c:/Users/zfsalti/488/MP-0/hw/hdl/mp0/ip/mp0_axi_gpio_0_1/mp0_axi_gpio_0_1.xdc] for cell 'mp0_i/axi_gpio_1/U0'
Finished Parsing XDC File [c:/Users/zfsalti/488/MP-0/hw/hdl/mp0/ip/mp0_axi_gpio_0_1/mp0_axi_gpio_0_1.xdc] for cell 'mp0_i/axi_gpio_1/U0'
Parsing XDC File [c:/Users/zfsalti/488/MP-0/hw/hdl/mp0/ip/mp0_axi_gpio_0_2/mp0_axi_gpio_0_2_board.xdc] for cell 'mp0_i/axi_gpio_2/U0'
Finished Parsing XDC File [c:/Users/zfsalti/488/MP-0/hw/hdl/mp0/ip/mp0_axi_gpio_0_2/mp0_axi_gpio_0_2_board.xdc] for cell 'mp0_i/axi_gpio_2/U0'
Parsing XDC File [c:/Users/zfsalti/488/MP-0/hw/hdl/mp0/ip/mp0_axi_gpio_0_2/mp0_axi_gpio_0_2.xdc] for cell 'mp0_i/axi_gpio_2/U0'
Finished Parsing XDC File [c:/Users/zfsalti/488/MP-0/hw/hdl/mp0/ip/mp0_axi_gpio_0_2/mp0_axi_gpio_0_2.xdc] for cell 'mp0_i/axi_gpio_2/U0'
Parsing XDC File [c:/Users/zfsalti/488/MP-0/hw/hdl/mp0/ip/mp0_rst_ps7_0_100M_1/mp0_rst_ps7_0_100M_1_board.xdc] for cell 'mp0_i/rst_ps7_0_100M/U0'
Finished Parsing XDC File [c:/Users/zfsalti/488/MP-0/hw/hdl/mp0/ip/mp0_rst_ps7_0_100M_1/mp0_rst_ps7_0_100M_1_board.xdc] for cell 'mp0_i/rst_ps7_0_100M/U0'
Parsing XDC File [c:/Users/zfsalti/488/MP-0/hw/hdl/mp0/ip/mp0_rst_ps7_0_100M_1/mp0_rst_ps7_0_100M_1.xdc] for cell 'mp0_i/rst_ps7_0_100M/U0'
Finished Parsing XDC File [c:/Users/zfsalti/488/MP-0/hw/hdl/mp0/ip/mp0_rst_ps7_0_100M_1/mp0_rst_ps7_0_100M_1.xdc] for cell 'mp0_i/rst_ps7_0_100M/U0'
Parsing XDC File [c:/Users/zfsalti/488/MP-0/hw/hdl/mp0/ip/mp0_system_ila_0_0/bd_0/ip/ip_0/ila_v6_2/constraints/ila_impl.xdc] for cell 'mp0_i/system_ila_0/U0/ila_lib/U0'
Finished Parsing XDC File [c:/Users/zfsalti/488/MP-0/hw/hdl/mp0/ip/mp0_system_ila_0_0/bd_0/ip/ip_0/ila_v6_2/constraints/ila_impl.xdc] for cell 'mp0_i/system_ila_0/U0/ila_lib/U0'
Parsing XDC File [c:/Users/zfsalti/488/MP-0/hw/hdl/mp0/ip/mp0_system_ila_0_0/bd_0/ip/ip_0/ila_v6_2/constraints/ila.xdc] for cell 'mp0_i/system_ila_0/U0/ila_lib/U0'
Finished Parsing XDC File [c:/Users/zfsalti/488/MP-0/hw/hdl/mp0/ip/mp0_system_ila_0_0/bd_0/ip/ip_0/ila_v6_2/constraints/ila.xdc] for cell 'mp0_i/system_ila_0/U0/ila_lib/U0'
Parsing XDC File [c:/Users/zfsalti/488/MP-0/hw/hdl/mp0/ip/mp0_axi_vdma_0_0/mp0_axi_vdma_0_0.xdc] for cell 'mp0_i/axi_vdma_0/U0'
WARNING: [Vivado_Tcl 4-921] Waiver ID 'CDC-4' -to list should not be empty. [c:/Users/zfsalti/488/MP-0/hw/hdl/mp0/ip/mp0_axi_vdma_0_0/mp0_axi_vdma_0_0.xdc:65]
WARNING: [Vivado_Tcl 4-921] Waiver ID 'CDC-4' -to list should not be empty. [c:/Users/zfsalti/488/MP-0/hw/hdl/mp0/ip/mp0_axi_vdma_0_0/mp0_axi_vdma_0_0.xdc:69]
WARNING: [Vivado_Tcl 4-921] Waiver ID 'CDC-4' -to list should not be empty. [c:/Users/zfsalti/488/MP-0/hw/hdl/mp0/ip/mp0_axi_vdma_0_0/mp0_axi_vdma_0_0.xdc:93]
WARNING: [Vivado_Tcl 4-921] Waiver ID 'CDC-4' -to list should not be empty. [c:/Users/zfsalti/488/MP-0/hw/hdl/mp0/ip/mp0_axi_vdma_0_0/mp0_axi_vdma_0_0.xdc:97]
WARNING: [Vivado_Tcl 4-921] Waiver ID 'CDC-4' -to list should not be empty. [c:/Users/zfsalti/488/MP-0/hw/hdl/mp0/ip/mp0_axi_vdma_0_0/mp0_axi_vdma_0_0.xdc:101]
WARNING: [Vivado_Tcl 4-921] Waiver ID 'CDC-4' -to list should not be empty. [c:/Users/zfsalti/488/MP-0/hw/hdl/mp0/ip/mp0_axi_vdma_0_0/mp0_axi_vdma_0_0.xdc:105]
WARNING: [Vivado_Tcl 4-921] Waiver ID 'CDC-4' -to list should not be empty. [c:/Users/zfsalti/488/MP-0/hw/hdl/mp0/ip/mp0_axi_vdma_0_0/mp0_axi_vdma_0_0.xdc:109]
WARNING: [Vivado_Tcl 4-921] Waiver ID 'CDC-1' -to list should not be empty. [c:/Users/zfsalti/488/MP-0/hw/hdl/mp0/ip/mp0_axi_vdma_0_0/mp0_axi_vdma_0_0.xdc:113]
WARNING: [Vivado_Tcl 4-921] Waiver ID 'CDC-4' -to list should not be empty. [c:/Users/zfsalti/488/MP-0/hw/hdl/mp0/ip/mp0_axi_vdma_0_0/mp0_axi_vdma_0_0.xdc:121]
WARNING: [Vivado_Tcl 4-921] Waiver ID 'CDC-4' -to list should not be empty. [c:/Users/zfsalti/488/MP-0/hw/hdl/mp0/ip/mp0_axi_vdma_0_0/mp0_axi_vdma_0_0.xdc:125]
WARNING: [Vivado_Tcl 4-921] Waiver ID 'CDC-1' -to list should not be empty. [c:/Users/zfsalti/488/MP-0/hw/hdl/mp0/ip/mp0_axi_vdma_0_0/mp0_axi_vdma_0_0.xdc:129]
WARNING: [Vivado_Tcl 4-921] Waiver ID 'CDC-4' -to list should not be empty. [c:/Users/zfsalti/488/MP-0/hw/hdl/mp0/ip/mp0_axi_vdma_0_0/mp0_axi_vdma_0_0.xdc:141]
WARNING: [Vivado_Tcl 4-921] Waiver ID 'CDC-4' -to list should not be empty. [c:/Users/zfsalti/488/MP-0/hw/hdl/mp0/ip/mp0_axi_vdma_0_0/mp0_axi_vdma_0_0.xdc:145]
WARNING: [Vivado_Tcl 4-921] Waiver ID 'CDC-1' -to list should not be empty. [c:/Users/zfsalti/488/MP-0/hw/hdl/mp0/ip/mp0_axi_vdma_0_0/mp0_axi_vdma_0_0.xdc:149]
WARNING: [Vivado_Tcl 4-921] Waiver ID 'CDC-4' -to list should not be empty. [c:/Users/zfsalti/488/MP-0/hw/hdl/mp0/ip/mp0_axi_vdma_0_0/mp0_axi_vdma_0_0.xdc:153]
WARNING: [Vivado_Tcl 4-921] Waiver ID 'CDC-4' -to list should not be empty. [c:/Users/zfsalti/488/MP-0/hw/hdl/mp0/ip/mp0_axi_vdma_0_0/mp0_axi_vdma_0_0.xdc:157]
WARNING: [Vivado_Tcl 4-921] Waiver ID 'CDC-4' -to list should not be empty. [c:/Users/zfsalti/488/MP-0/hw/hdl/mp0/ip/mp0_axi_vdma_0_0/mp0_axi_vdma_0_0.xdc:161]
WARNING: [Vivado_Tcl 4-921] Waiver ID 'CDC-4' -to list should not be empty. [c:/Users/zfsalti/488/MP-0/hw/hdl/mp0/ip/mp0_axi_vdma_0_0/mp0_axi_vdma_0_0.xdc:165]
WARNING: [Vivado_Tcl 4-921] Waiver ID 'CDC-4' -to list should not be empty. [c:/Users/zfsalti/488/MP-0/hw/hdl/mp0/ip/mp0_axi_vdma_0_0/mp0_axi_vdma_0_0.xdc:169]
WARNING: [Vivado_Tcl 4-921] Waiver ID 'CDC-4' -to list should not be empty. [c:/Users/zfsalti/488/MP-0/hw/hdl/mp0/ip/mp0_axi_vdma_0_0/mp0_axi_vdma_0_0.xdc:173]
WARNING: [Vivado_Tcl 4-921] Waiver ID 'CDC-4' -to list should not be empty. [c:/Users/zfsalti/488/MP-0/hw/hdl/mp0/ip/mp0_axi_vdma_0_0/mp0_axi_vdma_0_0.xdc:177]
WARNING: [Vivado_Tcl 4-921] Waiver ID 'CDC-1' -to list should not be empty. [c:/Users/zfsalti/488/MP-0/hw/hdl/mp0/ip/mp0_axi_vdma_0_0/mp0_axi_vdma_0_0.xdc:181]
WARNING: [Vivado_Tcl 4-921] Waiver ID 'CDC-4' -to list should not be empty. [c:/Users/zfsalti/488/MP-0/hw/hdl/mp0/ip/mp0_axi_vdma_0_0/mp0_axi_vdma_0_0.xdc:185]
WARNING: [Vivado_Tcl 4-921] Waiver ID 'CDC-1' -to list should not be empty. [c:/Users/zfsalti/488/MP-0/hw/hdl/mp0/ip/mp0_axi_vdma_0_0/mp0_axi_vdma_0_0.xdc:189]
WARNING: [Vivado_Tcl 4-921] Waiver ID 'CDC-6' -to list should not be empty. [c:/Users/zfsalti/488/MP-0/hw/hdl/mp0/ip/mp0_axi_vdma_0_0/mp0_axi_vdma_0_0.xdc:197]
WARNING: [Vivado_Tcl 4-921] Waiver ID 'CDC-6' -to list should not be empty. [c:/Users/zfsalti/488/MP-0/hw/hdl/mp0/ip/mp0_axi_vdma_0_0/mp0_axi_vdma_0_0.xdc:205]
WARNING: [Vivado_Tcl 4-921] Waiver ID 'CDC-6' -to list should not be empty. [c:/Users/zfsalti/488/MP-0/hw/hdl/mp0/ip/mp0_axi_vdma_0_0/mp0_axi_vdma_0_0.xdc:213]
WARNING: [Vivado_Tcl 4-921] Waiver ID 'CDC-6' -to list should not be empty. [c:/Users/zfsalti/488/MP-0/hw/hdl/mp0/ip/mp0_axi_vdma_0_0/mp0_axi_vdma_0_0.xdc:217]
WARNING: [Vivado_Tcl 4-921] Waiver ID 'CDC-6' -to list should not be empty. [c:/Users/zfsalti/488/MP-0/hw/hdl/mp0/ip/mp0_axi_vdma_0_0/mp0_axi_vdma_0_0.xdc:221]
WARNING: [Vivado_Tcl 4-921] Waiver ID 'CDC-6' -to list should not be empty. [c:/Users/zfsalti/488/MP-0/hw/hdl/mp0/ip/mp0_axi_vdma_0_0/mp0_axi_vdma_0_0.xdc:225]
Finished Parsing XDC File [c:/Users/zfsalti/488/MP-0/hw/hdl/mp0/ip/mp0_axi_vdma_0_0/mp0_axi_vdma_0_0.xdc] for cell 'mp0_i/axi_vdma_0/U0'
Parsing XDC File [c:/Users/zfsalti/488/MP-0/hw/hdl/mp0/ip/mp0_clk_wiz_0_1/mp0_clk_wiz_0_1_board.xdc] for cell 'mp0_i/clk_wiz_0/inst'
Finished Parsing XDC File [c:/Users/zfsalti/488/MP-0/hw/hdl/mp0/ip/mp0_clk_wiz_0_1/mp0_clk_wiz_0_1_board.xdc] for cell 'mp0_i/clk_wiz_0/inst'
Parsing XDC File [c:/Users/zfsalti/488/MP-0/hw/hdl/mp0/ip/mp0_clk_wiz_0_1/mp0_clk_wiz_0_1.xdc] for cell 'mp0_i/clk_wiz_0/inst'
INFO: [Timing 38-35] Done setting XDC timing constraints. [c:/Users/zfsalti/488/MP-0/hw/hdl/mp0/ip/mp0_clk_wiz_0_1/mp0_clk_wiz_0_1.xdc:57]
INFO: [Timing 38-2] Deriving generated clocks [c:/Users/zfsalti/488/MP-0/hw/hdl/mp0/ip/mp0_clk_wiz_0_1/mp0_clk_wiz_0_1.xdc:57]
Finished Parsing XDC File [c:/Users/zfsalti/488/MP-0/hw/hdl/mp0/ip/mp0_clk_wiz_0_1/mp0_clk_wiz_0_1.xdc] for cell 'mp0_i/clk_wiz_0/inst'
Parsing XDC File [c:/Users/zfsalti/488/MP-0/hw/hdl/mp0/ip/mp0_system_ila_1_0/bd_0/ip/ip_0/ila_v6_2/constraints/ila_impl.xdc] for cell 'mp0_i/system_ila_1/U0/ila_lib/U0'
Finished Parsing XDC File [c:/Users/zfsalti/488/MP-0/hw/hdl/mp0/ip/mp0_system_ila_1_0/bd_0/ip/ip_0/ila_v6_2/constraints/ila_impl.xdc] for cell 'mp0_i/system_ila_1/U0/ila_lib/U0'
Parsing XDC File [c:/Users/zfsalti/488/MP-0/hw/hdl/mp0/ip/mp0_system_ila_1_0/bd_0/ip/ip_0/ila_v6_2/constraints/ila.xdc] for cell 'mp0_i/system_ila_1/U0/ila_lib/U0'
Finished Parsing XDC File [c:/Users/zfsalti/488/MP-0/hw/hdl/mp0/ip/mp0_system_ila_1_0/bd_0/ip/ip_0/ila_v6_2/constraints/ila.xdc] for cell 'mp0_i/system_ila_1/U0/ila_lib/U0'
Parsing XDC File [c:/Users/zfsalti/488/MP-0/hw/hdl/mp0/ip/mp0_rst_mp0_25M_0/mp0_rst_mp0_25M_0_board.xdc] for cell 'mp0_i/rst_mp0_25M/U0'
Finished Parsing XDC File [c:/Users/zfsalti/488/MP-0/hw/hdl/mp0/ip/mp0_rst_mp0_25M_0/mp0_rst_mp0_25M_0_board.xdc] for cell 'mp0_i/rst_mp0_25M/U0'
Parsing XDC File [c:/Users/zfsalti/488/MP-0/hw/hdl/mp0/ip/mp0_rst_mp0_25M_0/mp0_rst_mp0_25M_0.xdc] for cell 'mp0_i/rst_mp0_25M/U0'
Finished Parsing XDC File [c:/Users/zfsalti/488/MP-0/hw/hdl/mp0/ip/mp0_rst_mp0_25M_0/mp0_rst_mp0_25M_0.xdc] for cell 'mp0_i/rst_mp0_25M/U0'
Parsing XDC File [c:/Users/zfsalti/488/MP-0/hw/hdl/mp0/ip/mp0_axi_vdma_0_0/mp0_axi_vdma_0_0_clocks.xdc] for cell 'mp0_i/axi_vdma_0/U0'
Finished Parsing XDC File [c:/Users/zfsalti/488/MP-0/hw/hdl/mp0/ip/mp0_axi_vdma_0_0/mp0_axi_vdma_0_0_clocks.xdc] for cell 'mp0_i/axi_vdma_0/U0'
Sourcing Tcl File [C:/Xilinx/Vivado/2020.1/data/ip/xpm/xpm_cdc/tcl/xpm_cdc_async_rst.tcl] for cell 'mp0_i/axi_mem_intercon/s00_couplers/auto_pc/inst/gen_axi4_axi3.axi3_conv_inst/USE_READ.USE_SPLIT_R.read_addr_inst/USE_R_CHANNEL.cmd_queue/inst/fifo_gen_inst/inst_fifo_gen/gconvfifo.rf/grf.rf/rstblk/ngwrdrst.grst.g7serrst.gnsckt_wrst.rst_wr_reg2_inst'
Finished Sourcing Tcl File [C:/Xilinx/Vivado/2020.1/data/ip/xpm/xpm_cdc/tcl/xpm_cdc_async_rst.tcl] for cell 'mp0_i/axi_mem_intercon/s00_couplers/auto_pc/inst/gen_axi4_axi3.axi3_conv_inst/USE_READ.USE_SPLIT_R.read_addr_inst/USE_R_CHANNEL.cmd_queue/inst/fifo_gen_inst/inst_fifo_gen/gconvfifo.rf/grf.rf/rstblk/ngwrdrst.grst.g7serrst.gnsckt_wrst.rst_wr_reg2_inst'
Sourcing Tcl File [C:/Xilinx/Vivado/2020.1/data/ip/xpm/xpm_fifo/tcl/xpm_fifo_rst.tcl] for cell 'mp0_i/axi_vdma_0/U0/I_PRMRY_DATAMOVER/GEN_MM2S_FULL.I_MM2S_FULL_WRAPPER/GEN_INCLUDE_MM2S_SF.I_RD_SF/I_DATA_FIFO/BLK_MEM.I_SYNC_FIFOGEN_FIFO/xpm_fifo_instance.xpm_fifo_sync_inst'
Finished Sourcing Tcl File [C:/Xilinx/Vivado/2020.1/data/ip/xpm/xpm_fifo/tcl/xpm_fifo_rst.tcl] for cell 'mp0_i/axi_vdma_0/U0/I_PRMRY_DATAMOVER/GEN_MM2S_FULL.I_MM2S_FULL_WRAPPER/GEN_INCLUDE_MM2S_SF.I_RD_SF/I_DATA_FIFO/BLK_MEM.I_SYNC_FIFOGEN_FIFO/xpm_fifo_instance.xpm_fifo_sync_inst'
INFO: [Opt 31-138] Pushed 0 inverter(s) to 0 load pin(s).
Netlist sorting complete. Time (s): cpu = 00:00:00 ; elapsed = 00:00:00.003 . Memory (MB): peak = 1476.711 ; gain = 0.000
INFO: [Project 1-111] Unisim Transformation Summary:
  A total of 293 instances were transformed.
  CFGLUT5 => CFGLUT5 (SRL16E, SRLC32E): 292 instances
  RAM32X1D => RAM32X1D (RAMD32(x2)): 1 instance 

28 Infos, 32 Warnings, 0 Critical Warnings and 0 Errors encountered.
link_design completed successfully
link_design: Time (s): cpu = 00:00:11 ; elapsed = 00:00:14 . Memory (MB): peak = 1476.711 ; gain = 464.152
INFO: [Common 17-600] The following parameters have non-default value.
tcl.collectionResultDisplayLimit
Command: opt_design
Attempting to get a license for feature 'Implementation' and/or device 'xc7z020'
INFO: [Common 17-349] Got license for feature 'Implementation' and/or device 'xc7z020'
Running DRC as a precondition to command opt_design

Starting DRC Task
INFO: [DRC 23-27] Running DRC with 2 threads
INFO: [Project 1-461] DRC finished with 0 Errors
INFO: [Project 1-462] Please refer to the DRC report (report_drc) for more information.

Time (s): cpu = 00:00:01 ; elapsed = 00:00:00.479 . Memory (MB): peak = 1476.711 ; gain = 0.000

Starting Cache Timing Information Task
INFO: [Timing 38-35] Done setting XDC timing constraints.
Ending Cache Timing Information Task | Checksum: 1e8d48a18

Time (s): cpu = 00:00:00 ; elapsed = 00:00:00.253 . Memory (MB): peak = 1492.801 ; gain = 16.090

Starting Logic Optimization Task

Phase 1 Generate And Synthesize Debug Cores
INFO: [Chipscope 16-329] Generating Script for core instance : dbg_hub 
INFO: [IP_Flow 19-3806] Processing IP xilinx.com:ip:xsdbm:3.0 for cell dbg_hub_CV.
INFO: [Chipscope 16-469] Using cached IP synthesis design for IP xilinx.com:ip:xsdbm:3.0, cache-ID = 55f0032914b83df2.
Netlist sorting complete. Time (s): cpu = 00:00:00 ; elapsed = 00:00:00.013 . Memory (MB): peak = 1729.262 ; gain = 0.000
Phase 1 Generate And Synthesize Debug Cores | Checksum: 1f10566ba

Time (s): cpu = 00:00:01 ; elapsed = 00:00:08 . Memory (MB): peak = 1729.262 ; gain = 33.867

Phase 2 Retarget
INFO: [Opt 31-138] Pushed 1 inverter(s) to 4 load pin(s).
INFO: [Opt 31-49] Retargeted 0 cell(s).
Phase 2 Retarget | Checksum: 19192d83e

Time (s): cpu = 00:00:01 ; elapsed = 00:00:08 . Memory (MB): peak = 1729.262 ; gain = 33.867
INFO: [Opt 31-389] Phase Retarget created 43 cells and removed 250 cells
INFO: [Opt 31-1021] In phase Retarget, 122 netlist objects are constrained preventing optimization. Please run opt_design with -debug_log to get more detail. 

Phase 3 Constant propagation
INFO: [Opt 31-138] Pushed 0 inverter(s) to 0 load pin(s).
Phase 3 Constant propagation | Checksum: 1bf65f3ca

Time (s): cpu = 00:00:01 ; elapsed = 00:00:08 . Memory (MB): peak = 1729.262 ; gain = 33.867
INFO: [Opt 31-389] Phase Constant propagation created 16 cells and removed 182 cells
INFO: [Opt 31-1021] In phase Constant propagation, 58 netlist objects are constrained preventing optimization. Please run opt_design with -debug_log to get more detail. 

Phase 4 Sweep
Phase 4 Sweep | Checksum: 194a439b3

Time (s): cpu = 00:00:02 ; elapsed = 00:00:08 . Memory (MB): peak = 1729.262 ; gain = 33.867
INFO: [Opt 31-389] Phase Sweep created 0 cells and removed 587 cells
INFO: [Opt 31-1021] In phase Sweep, 1611 netlist objects are constrained preventing optimization. Please run opt_design with -debug_log to get more detail. 

Phase 5 BUFG optimization
Phase 5 BUFG optimization | Checksum: 194a439b3

Time (s): cpu = 00:00:02 ; elapsed = 00:00:08 . Memory (MB): peak = 1729.262 ; gain = 33.867
INFO: [Opt 31-662] Phase BUFG optimization created 0 cells of which 0 are BUFGs and removed 0 cells.

Phase 6 Shift Register Optimization
INFO: [Opt 31-1064] SRL Remap converted 0 SRLs to 0 registers and converted 0 registers of register chains to 0 SRLs
Phase 6 Shift Register Optimization | Checksum: 194a439b3

Time (s): cpu = 00:00:02 ; elapsed = 00:00:08 . Memory (MB): peak = 1729.262 ; gain = 33.867
INFO: [Opt 31-389] Phase Shift Register Optimization created 0 cells and removed 0 cells

Phase 7 Post Processing Netlist
Phase 7 Post Processing Netlist | Checksum: 194a439b3

Time (s): cpu = 00:00:02 ; elapsed = 00:00:08 . Memory (MB): peak = 1729.262 ; gain = 33.867
INFO: [Opt 31-389] Phase Post Processing Netlist created 0 cells and removed 0 cells
INFO: [Opt 31-1021] In phase Post Processing Netlist, 71 netlist objects are constrained preventing optimization. Please run opt_design with -debug_log to get more detail. 
Opt_design Change Summary
=========================


-------------------------------------------------------------------------------------------------------------------------
|  Phase                        |  #Cells created  |  #Cells Removed  |  #Constrained objects preventing optimizations  |
-------------------------------------------------------------------------------------------------------------------------
|  Retarget                     |              43  |             250  |                                            122  |
|  Constant propagation         |              16  |             182  |                                             58  |
|  Sweep                        |               0  |             587  |                                           1611  |
|  BUFG optimization            |               0  |               0  |                                              0  |
|  Shift Register Optimization  |               0  |               0  |                                              0  |
|  Post Processing Netlist      |               0  |               0  |                                             71  |
-------------------------------------------------------------------------------------------------------------------------



Starting Connectivity Check Task

Time (s): cpu = 00:00:00 ; elapsed = 00:00:00.013 . Memory (MB): peak = 1729.262 ; gain = 0.000
Ending Logic Optimization Task | Checksum: 1ac1716bb

Time (s): cpu = 00:00:02 ; elapsed = 00:00:09 . Memory (MB): peak = 1729.262 ; gain = 33.867

Starting Power Optimization Task
INFO: [Pwropt 34-132] Skipping clock gating for clocks with a period < 2.00 ns.
INFO: [Pwropt 34-9] Applying IDT optimizations ...
INFO: [Pwropt 34-10] Applying ODC optimizations ...
INFO: [Timing 38-35] Done setting XDC timing constraints.
Running Vector-less Activity Propagation...

Finished Running Vector-less Activity Propagation


Starting PowerOpt Patch Enables Task
INFO: [Pwropt 34-162] WRITE_MODE attribute of 4 BRAM(s) out of a total of 8 has been updated to save power. Run report_power_opt to get a complete listing of the BRAMs updated.
INFO: [Pwropt 34-201] Structural ODC has moved 0 WE to EN ports
Number of BRAM Ports augmented: 8 newly gated: 0 Total Ports: 16
Ending PowerOpt Patch Enables Task | Checksum: 1bc320ee7

Time (s): cpu = 00:00:00 ; elapsed = 00:00:00.040 . Memory (MB): peak = 1845.574 ; gain = 0.000
Ending Power Optimization Task | Checksum: 1bc320ee7

Time (s): cpu = 00:00:02 ; elapsed = 00:00:01 . Memory (MB): peak = 1845.574 ; gain = 116.312

Starting Final Cleanup Task
Ending Final Cleanup Task | Checksum: 1bc320ee7

Time (s): cpu = 00:00:00 ; elapsed = 00:00:00 . Memory (MB): peak = 1845.574 ; gain = 0.000

Starting Netlist Obfuscation Task
Netlist sorting complete. Time (s): cpu = 00:00:00 ; elapsed = 00:00:00.004 . Memory (MB): peak = 1845.574 ; gain = 0.000
Ending Netlist Obfuscation Task | Checksum: 1a0a070c3

Time (s): cpu = 00:00:00 ; elapsed = 00:00:00.004 . Memory (MB): peak = 1845.574 ; gain = 0.000
INFO: [Common 17-83] Releasing license: Implementation
61 Infos, 32 Warnings, 0 Critical Warnings and 0 Errors encountered.
opt_design completed successfully
opt_design: Time (s): cpu = 00:00:06 ; elapsed = 00:00:12 . Memory (MB): peak = 1845.574 ; gain = 368.863
INFO: [Common 17-600] The following parameters have non-default value.
tcl.collectionResultDisplayLimit
INFO: [Timing 38-35] Done setting XDC timing constraints.
INFO: [Timing 38-480] Writing timing data to binary archive.
Writing placer database...
Writing XDEF routing.
Writing XDEF routing logical nets.
Writing XDEF routing special nets.
Write XDEF Complete: Time (s): cpu = 00:00:00 ; elapsed = 00:00:00.029 . Memory (MB): peak = 1845.574 ; gain = 0.000
INFO: [Common 17-1381] The checkpoint 'C:/Users/zfsalti/488/MP-0/hw/hw.runs/impl_1/mp0_wrapper_opt.dcp' has been generated.
INFO: [runtcl-4] Executing : report_drc -file mp0_wrapper_drc_opted.rpt -pb mp0_wrapper_drc_opted.pb -rpx mp0_wrapper_drc_opted.rpx
Command: report_drc -file mp0_wrapper_drc_opted.rpt -pb mp0_wrapper_drc_opted.pb -rpx mp0_wrapper_drc_opted.rpx
INFO: [IP_Flow 19-1839] IP Catalog is up to date.
INFO: [DRC 23-27] Running DRC with 2 threads
INFO: [Coretcl 2-168] The results of DRC are in file C:/Users/zfsalti/488/MP-0/hw/hw.runs/impl_1/mp0_wrapper_drc_opted.rpt.
report_drc completed successfully
INFO: [Chipscope 16-240] Debug cores have already been implemented
Command: place_design
Attempting to get a license for feature 'Implementation' and/or device 'xc7z020'
INFO: [Common 17-349] Got license for feature 'Implementation' and/or device 'xc7z020'
INFO: [DRC 23-27] Running DRC with 2 threads
INFO: [Vivado_Tcl 4-198] DRC finished with 0 Errors
INFO: [Vivado_Tcl 4-199] Please refer to the DRC report (report_drc) for more information.
Running DRC as a precondition to command place_design
INFO: [DRC 23-27] Running DRC with 2 threads
WARNING: [DRC REQP-1839] RAMB36 async control check: The RAMB36E1 mp0_i/axi_vdma_0/U0/I_PRMRY_DATAMOVER/GEN_MM2S_FULL.I_MM2S_FULL_WRAPPER/GEN_INCLUDE_MM2S_SF.I_RD_SF/I_DATA_FIFO/BLK_MEM.I_SYNC_FIFOGEN_FIFO/xpm_fifo_instance.xpm_fifo_sync_inst/xpm_fifo_base_inst/gen_sdpram.xpm_memory_base_inst/gen_wr_a.gen_word_narrow.mem_reg has an input control pin mp0_i/axi_vdma_0/U0/I_PRMRY_DATAMOVER/GEN_MM2S_FULL.I_MM2S_FULL_WRAPPER/GEN_INCLUDE_MM2S_SF.I_RD_SF/I_DATA_FIFO/BLK_MEM.I_SYNC_FIFOGEN_FIFO/xpm_fifo_instance.xpm_fifo_sync_inst/xpm_fifo_base_inst/gen_sdpram.xpm_memory_base_inst/gen_wr_a.gen_word_narrow.mem_reg/WEBWE[0] (net: mp0_i/axi_vdma_0/U0/I_PRMRY_DATAMOVER/GEN_MM2S_FULL.I_MM2S_FULL_WRAPPER/GEN_INCLUDE_MM2S_SF.I_RD_SF/I_DATA_FIFO/BLK_MEM.I_SYNC_FIFOGEN_FIFO/xpm_fifo_instance.xpm_fifo_sync_inst/xpm_fifo_base_inst/gen_sdpram.xpm_memory_base_inst/wea[0]) which is driven by a register (mp0_i/axi_mem_intercon/s00_couplers/auto_pc/inst/gen_axi4_axi3.axi3_conv_inst/USE_READ.USE_SPLIT_R.read_addr_inst/USE_R_CHANNEL.cmd_queue/inst/fifo_gen_inst/inst_fifo_gen/gconvfifo.rf/grf.rf/gntv_or_sync_fifo.gl0.rd/gr1.gr1_int.rfwft/empty_fwft_i_reg) that has an active asychronous set or reset. This may cause corruption of the memory contents and/or read values when the set/reset is asserted and is not analyzed by the default static timing analysis. It is suggested to eliminate the use of a set/reset to registers driving this RAMB pin or else use a synchronous reset in which the assertion of the reset is timed by default.
WARNING: [DRC REQP-1839] RAMB36 async control check: The RAMB36E1 mp0_i/axi_vdma_0/U0/I_PRMRY_DATAMOVER/GEN_MM2S_FULL.I_MM2S_FULL_WRAPPER/GEN_INCLUDE_MM2S_SF.I_RD_SF/I_DATA_FIFO/BLK_MEM.I_SYNC_FIFOGEN_FIFO/xpm_fifo_instance.xpm_fifo_sync_inst/xpm_fifo_base_inst/gen_sdpram.xpm_memory_base_inst/gen_wr_a.gen_word_narrow.mem_reg has an input control pin mp0_i/axi_vdma_0/U0/I_PRMRY_DATAMOVER/GEN_MM2S_FULL.I_MM2S_FULL_WRAPPER/GEN_INCLUDE_MM2S_SF.I_RD_SF/I_DATA_FIFO/BLK_MEM.I_SYNC_FIFOGEN_FIFO/xpm_fifo_instance.xpm_fifo_sync_inst/xpm_fifo_base_inst/gen_sdpram.xpm_memory_base_inst/gen_wr_a.gen_word_narrow.mem_reg/WEBWE[1] (net: mp0_i/axi_vdma_0/U0/I_PRMRY_DATAMOVER/GEN_MM2S_FULL.I_MM2S_FULL_WRAPPER/GEN_INCLUDE_MM2S_SF.I_RD_SF/I_DATA_FIFO/BLK_MEM.I_SYNC_FIFOGEN_FIFO/xpm_fifo_instance.xpm_fifo_sync_inst/xpm_fifo_base_inst/gen_sdpram.xpm_memory_base_inst/wea[0]) which is driven by a register (mp0_i/axi_mem_intercon/s00_couplers/auto_pc/inst/gen_axi4_axi3.axi3_conv_inst/USE_READ.USE_SPLIT_R.read_addr_inst/USE_R_CHANNEL.cmd_queue/inst/fifo_gen_inst/inst_fifo_gen/gconvfifo.rf/grf.rf/gntv_or_sync_fifo.gl0.rd/gr1.gr1_int.rfwft/empty_fwft_i_reg) that has an active asychronous set or reset. This may cause corruption of the memory contents and/or read values when the set/reset is asserted and is not analyzed by the default static timing analysis. It is suggested to eliminate the use of a set/reset to registers driving this RAMB pin or else use a synchronous reset in which the assertion of the reset is timed by default.
WARNING: [DRC REQP-1839] RAMB36 async control check: The RAMB36E1 mp0_i/axi_vdma_0/U0/I_PRMRY_DATAMOVER/GEN_MM2S_FULL.I_MM2S_FULL_WRAPPER/GEN_INCLUDE_MM2S_SF.I_RD_SF/I_DATA_FIFO/BLK_MEM.I_SYNC_FIFOGEN_FIFO/xpm_fifo_instance.xpm_fifo_sync_inst/xpm_fifo_base_inst/gen_sdpram.xpm_memory_base_inst/gen_wr_a.gen_word_narrow.mem_reg has an input control pin mp0_i/axi_vdma_0/U0/I_PRMRY_DATAMOVER/GEN_MM2S_FULL.I_MM2S_FULL_WRAPPER/GEN_INCLUDE_MM2S_SF.I_RD_SF/I_DATA_FIFO/BLK_MEM.I_SYNC_FIFOGEN_FIFO/xpm_fifo_instance.xpm_fifo_sync_inst/xpm_fifo_base_inst/gen_sdpram.xpm_memory_base_inst/gen_wr_a.gen_word_narrow.mem_reg/WEBWE[2] (net: mp0_i/axi_vdma_0/U0/I_PRMRY_DATAMOVER/GEN_MM2S_FULL.I_MM2S_FULL_WRAPPER/GEN_INCLUDE_MM2S_SF.I_RD_SF/I_DATA_FIFO/BLK_MEM.I_SYNC_FIFOGEN_FIFO/xpm_fifo_instance.xpm_fifo_sync_inst/xpm_fifo_base_inst/gen_sdpram.xpm_memory_base_inst/wea[0]) which is driven by a register (mp0_i/axi_mem_intercon/s00_couplers/auto_pc/inst/gen_axi4_axi3.axi3_conv_inst/USE_READ.USE_SPLIT_R.read_addr_inst/USE_R_CHANNEL.cmd_queue/inst/fifo_gen_inst/inst_fifo_gen/gconvfifo.rf/grf.rf/gntv_or_sync_fifo.gl0.rd/gr1.gr1_int.rfwft/empty_fwft_i_reg) that has an active asychronous set or reset. This may cause corruption of the memory contents and/or read values when the set/reset is asserted and is not analyzed by the default static timing analysis. It is suggested to eliminate the use of a set/reset to registers driving this RAMB pin or else use a synchronous reset in which the assertion of the reset is timed by default.
WARNING: [DRC REQP-1839] RAMB36 async control check: The RAMB36E1 mp0_i/axi_vdma_0/U0/I_PRMRY_DATAMOVER/GEN_MM2S_FULL.I_MM2S_FULL_WRAPPER/GEN_INCLUDE_MM2S_SF.I_RD_SF/I_DATA_FIFO/BLK_MEM.I_SYNC_FIFOGEN_FIFO/xpm_fifo_instance.xpm_fifo_sync_inst/xpm_fifo_base_inst/gen_sdpram.xpm_memory_base_inst/gen_wr_a.gen_word_narrow.mem_reg has an input control pin mp0_i/axi_vdma_0/U0/I_PRMRY_DATAMOVER/GEN_MM2S_FULL.I_MM2S_FULL_WRAPPER/GEN_INCLUDE_MM2S_SF.I_RD_SF/I_DATA_FIFO/BLK_MEM.I_SYNC_FIFOGEN_FIFO/xpm_fifo_instance.xpm_fifo_sync_inst/xpm_fifo_base_inst/gen_sdpram.xpm_memory_base_inst/gen_wr_a.gen_word_narrow.mem_reg/WEBWE[3] (net: mp0_i/axi_vdma_0/U0/I_PRMRY_DATAMOVER/GEN_MM2S_FULL.I_MM2S_FULL_WRAPPER/GEN_INCLUDE_MM2S_SF.I_RD_SF/I_DATA_FIFO/BLK_MEM.I_SYNC_FIFOGEN_FIFO/xpm_fifo_instance.xpm_fifo_sync_inst/xpm_fifo_base_inst/gen_sdpram.xpm_memory_base_inst/wea[0]) which is driven by a register (mp0_i/axi_mem_intercon/s00_couplers/auto_pc/inst/gen_axi4_axi3.axi3_conv_inst/USE_READ.USE_SPLIT_R.read_addr_inst/USE_R_CHANNEL.cmd_queue/inst/fifo_gen_inst/inst_fifo_gen/gconvfifo.rf/grf.rf/gntv_or_sync_fifo.gl0.rd/gr1.gr1_int.rfwft/empty_fwft_i_reg) that has an active asychronous set or reset. This may cause corruption of the memory contents and/or read values when the set/reset is asserted and is not analyzed by the default static timing analysis. It is suggested to eliminate the use of a set/reset to registers driving this RAMB pin or else use a synchronous reset in which the assertion of the reset is timed by default.
WARNING: [DRC REQP-1839] RAMB36 async control check: The RAMB36E1 mp0_i/axi_vdma_0/U0/I_PRMRY_DATAMOVER/GEN_MM2S_FULL.I_MM2S_FULL_WRAPPER/GEN_INCLUDE_MM2S_SF.I_RD_SF/I_DATA_FIFO/BLK_MEM.I_SYNC_FIFOGEN_FIFO/xpm_fifo_instance.xpm_fifo_sync_inst/xpm_fifo_base_inst/gen_sdpram.xpm_memory_base_inst/gen_wr_a.gen_word_narrow.mem_reg has an input control pin mp0_i/axi_vdma_0/U0/I_PRMRY_DATAMOVER/GEN_MM2S_FULL.I_MM2S_FULL_WRAPPER/GEN_INCLUDE_MM2S_SF.I_RD_SF/I_DATA_FIFO/BLK_MEM.I_SYNC_FIFOGEN_FIFO/xpm_fifo_instance.xpm_fifo_sync_inst/xpm_fifo_base_inst/gen_sdpram.xpm_memory_base_inst/gen_wr_a.gen_word_narrow.mem_reg/WEBWE[4] (net: mp0_i/axi_vdma_0/U0/I_PRMRY_DATAMOVER/GEN_MM2S_FULL.I_MM2S_FULL_WRAPPER/GEN_INCLUDE_MM2S_SF.I_RD_SF/I_DATA_FIFO/BLK_MEM.I_SYNC_FIFOGEN_FIFO/xpm_fifo_instance.xpm_fifo_sync_inst/xpm_fifo_base_inst/gen_sdpram.xpm_memory_base_inst/wea[0]) which is driven by a register (mp0_i/axi_mem_intercon/s00_couplers/auto_pc/inst/gen_axi4_axi3.axi3_conv_inst/USE_READ.USE_SPLIT_R.read_addr_inst/USE_R_CHANNEL.cmd_queue/inst/fifo_gen_inst/inst_fifo_gen/gconvfifo.rf/grf.rf/gntv_or_sync_fifo.gl0.rd/gr1.gr1_int.rfwft/empty_fwft_i_reg) that has an active asychronous set or reset. This may cause corruption of the memory contents and/or read values when the set/reset is asserted and is not analyzed by the default static timing analysis. It is suggested to eliminate the use of a set/reset to registers driving this RAMB pin or else use a synchronous reset in which the assertion of the reset is timed by default.
WARNING: [DRC REQP-1839] RAMB36 async control check: The RAMB36E1 mp0_i/axi_vdma_0/U0/I_PRMRY_DATAMOVER/GEN_MM2S_FULL.I_MM2S_FULL_WRAPPER/GEN_INCLUDE_MM2S_SF.I_RD_SF/I_DATA_FIFO/BLK_MEM.I_SYNC_FIFOGEN_FIFO/xpm_fifo_instance.xpm_fifo_sync_inst/xpm_fifo_base_inst/gen_sdpram.xpm_memory_base_inst/gen_wr_a.gen_word_narrow.mem_reg has an input control pin mp0_i/axi_vdma_0/U0/I_PRMRY_DATAMOVER/GEN_MM2S_FULL.I_MM2S_FULL_WRAPPER/GEN_INCLUDE_MM2S_SF.I_RD_SF/I_DATA_FIFO/BLK_MEM.I_SYNC_FIFOGEN_FIFO/xpm_fifo_instance.xpm_fifo_sync_inst/xpm_fifo_base_inst/gen_sdpram.xpm_memory_base_inst/gen_wr_a.gen_word_narrow.mem_reg/WEBWE[5] (net: mp0_i/axi_vdma_0/U0/I_PRMRY_DATAMOVER/GEN_MM2S_FULL.I_MM2S_FULL_WRAPPER/GEN_INCLUDE_MM2S_SF.I_RD_SF/I_DATA_FIFO/BLK_MEM.I_SYNC_FIFOGEN_FIFO/xpm_fifo_instance.xpm_fifo_sync_inst/xpm_fifo_base_inst/gen_sdpram.xpm_memory_base_inst/wea[0]) which is driven by a register (mp0_i/axi_mem_intercon/s00_couplers/auto_pc/inst/gen_axi4_axi3.axi3_conv_inst/USE_READ.USE_SPLIT_R.read_addr_inst/USE_R_CHANNEL.cmd_queue/inst/fifo_gen_inst/inst_fifo_gen/gconvfifo.rf/grf.rf/gntv_or_sync_fifo.gl0.rd/gr1.gr1_int.rfwft/empty_fwft_i_reg) that has an active asychronous set or reset. This may cause corruption of the memory contents and/or read values when the set/reset is asserted and is not analyzed by the default static timing analysis. It is suggested to eliminate the use of a set/reset to registers driving this RAMB pin or else use a synchronous reset in which the assertion of the reset is timed by default.
WARNING: [DRC REQP-1839] RAMB36 async control check: The RAMB36E1 mp0_i/axi_vdma_0/U0/I_PRMRY_DATAMOVER/GEN_MM2S_FULL.I_MM2S_FULL_WRAPPER/GEN_INCLUDE_MM2S_SF.I_RD_SF/I_DATA_FIFO/BLK_MEM.I_SYNC_FIFOGEN_FIFO/xpm_fifo_instance.xpm_fifo_sync_inst/xpm_fifo_base_inst/gen_sdpram.xpm_memory_base_inst/gen_wr_a.gen_word_narrow.mem_reg has an input control pin mp0_i/axi_vdma_0/U0/I_PRMRY_DATAMOVER/GEN_MM2S_FULL.I_MM2S_FULL_WRAPPER/GEN_INCLUDE_MM2S_SF.I_RD_SF/I_DATA_FIFO/BLK_MEM.I_SYNC_FIFOGEN_FIFO/xpm_fifo_instance.xpm_fifo_sync_inst/xpm_fifo_base_inst/gen_sdpram.xpm_memory_base_inst/gen_wr_a.gen_word_narrow.mem_reg/WEBWE[6] (net: mp0_i/axi_vdma_0/U0/I_PRMRY_DATAMOVER/GEN_MM2S_FULL.I_MM2S_FULL_WRAPPER/GEN_INCLUDE_MM2S_SF.I_RD_SF/I_DATA_FIFO/BLK_MEM.I_SYNC_FIFOGEN_FIFO/xpm_fifo_instance.xpm_fifo_sync_inst/xpm_fifo_base_inst/gen_sdpram.xpm_memory_base_inst/wea[0]) which is driven by a register (mp0_i/axi_mem_intercon/s00_couplers/auto_pc/inst/gen_axi4_axi3.axi3_conv_inst/USE_READ.USE_SPLIT_R.read_addr_inst/USE_R_CHANNEL.cmd_queue/inst/fifo_gen_inst/inst_fifo_gen/gconvfifo.rf/grf.rf/gntv_or_sync_fifo.gl0.rd/gr1.gr1_int.rfwft/empty_fwft_i_reg) that has an active asychronous set or reset. This may cause corruption of the memory contents and/or read values when the set/reset is asserted and is not analyzed by the default static timing analysis. It is suggested to eliminate the use of a set/reset to registers driving this RAMB pin or else use a synchronous reset in which the assertion of the reset is timed by default.
WARNING: [DRC REQP-1839] RAMB36 async control check: The RAMB36E1 mp0_i/axi_vdma_0/U0/I_PRMRY_DATAMOVER/GEN_MM2S_FULL.I_MM2S_FULL_WRAPPER/GEN_INCLUDE_MM2S_SF.I_RD_SF/I_DATA_FIFO/BLK_MEM.I_SYNC_FIFOGEN_FIFO/xpm_fifo_instance.xpm_fifo_sync_inst/xpm_fifo_base_inst/gen_sdpram.xpm_memory_base_inst/gen_wr_a.gen_word_narrow.mem_reg has an input control pin mp0_i/axi_vdma_0/U0/I_PRMRY_DATAMOVER/GEN_MM2S_FULL.I_MM2S_FULL_WRAPPER/GEN_INCLUDE_MM2S_SF.I_RD_SF/I_DATA_FIFO/BLK_MEM.I_SYNC_FIFOGEN_FIFO/xpm_fifo_instance.xpm_fifo_sync_inst/xpm_fifo_base_inst/gen_sdpram.xpm_memory_base_inst/gen_wr_a.gen_word_narrow.mem_reg/WEBWE[7] (net: mp0_i/axi_vdma_0/U0/I_PRMRY_DATAMOVER/GEN_MM2S_FULL.I_MM2S_FULL_WRAPPER/GEN_INCLUDE_MM2S_SF.I_RD_SF/I_DATA_FIFO/BLK_MEM.I_SYNC_FIFOGEN_FIFO/xpm_fifo_instance.xpm_fifo_sync_inst/xpm_fifo_base_inst/gen_sdpram.xpm_memory_base_inst/wea[0]) which is driven by a register (mp0_i/axi_mem_intercon/s00_couplers/auto_pc/inst/gen_axi4_axi3.axi3_conv_inst/USE_READ.USE_SPLIT_R.read_addr_inst/USE_R_CHANNEL.cmd_queue/inst/fifo_gen_inst/inst_fifo_gen/gconvfifo.rf/grf.rf/gntv_or_sync_fifo.gl0.rd/gr1.gr1_int.rfwft/empty_fwft_i_reg) that has an active asychronous set or reset. This may cause corruption of the memory contents and/or read values when the set/reset is asserted and is not analyzed by the default static timing analysis. It is suggested to eliminate the use of a set/reset to registers driving this RAMB pin or else use a synchronous reset in which the assertion of the reset is timed by default.
INFO: [Vivado_Tcl 4-198] DRC finished with 0 Errors, 8 Warnings
INFO: [Vivado_Tcl 4-199] Please refer to the DRC report (report_drc) for more information.

Starting Placer Task
INFO: [Place 30-611] Multithreading enabled for place_design using a maximum of 2 CPUs

Phase 1 Placer Initialization

Phase 1.1 Placer Initialization Netlist Sorting
Netlist sorting complete. Time (s): cpu = 00:00:00 ; elapsed = 00:00:00.003 . Memory (MB): peak = 1845.574 ; gain = 0.000
Phase 1.1 Placer Initialization Netlist Sorting | Checksum: 1850f45d9

Time (s): cpu = 00:00:00 ; elapsed = 00:00:00.007 . Memory (MB): peak = 1845.574 ; gain = 0.000
Netlist sorting complete. Time (s): cpu = 00:00:00 ; elapsed = 00:00:00.003 . Memory (MB): peak = 1845.574 ; gain = 0.000

Phase 1.2 IO Placement/ Clock Placement/ Build Placer Device
Phase 1.2 IO Placement/ Clock Placement/ Build Placer Device | Checksum: 97b5fb36

Time (s): cpu = 00:00:00 ; elapsed = 00:00:00.570 . Memory (MB): peak = 1845.574 ; gain = 0.000

Phase 1.3 Build Placer Netlist Model
Phase 1.3 Build Placer Netlist Model | Checksum: 17c8e374a

Time (s): cpu = 00:00:01 ; elapsed = 00:00:01 . Memory (MB): peak = 1845.574 ; gain = 0.000

Phase 1.4 Constrain Clocks/Macros
Phase 1.4 Constrain Clocks/Macros | Checksum: 17c8e374a

Time (s): cpu = 00:00:01 ; elapsed = 00:00:01 . Memory (MB): peak = 1845.574 ; gain = 0.000
Phase 1 Placer Initialization | Checksum: 17c8e374a

Time (s): cpu = 00:00:02 ; elapsed = 00:00:02 . Memory (MB): peak = 1845.574 ; gain = 0.000

Phase 2 Global Placement

Phase 2.1 Floorplanning
Phase 2.1 Floorplanning | Checksum: 210587da5

Time (s): cpu = 00:00:02 ; elapsed = 00:00:02 . Memory (MB): peak = 1845.574 ; gain = 0.000

Phase 2.2 Global Placement Core

Phase 2.2.1 Physical Synthesis In Placer
INFO: [Physopt 32-1035] Found 0 LUTNM shape to break, 332 LUT instances to create LUTNM shape
INFO: [Physopt 32-1044] Break lutnm for timing: one critical 0, two critical 0, total 0, new lutff created 0
INFO: [Physopt 32-775] End 1 Pass. Optimized 120 nets or cells. Created 0 new cell, deleted 120 existing cells and moved 0 existing cell
INFO: [Physopt 32-65] No nets found for high-fanout optimization.
INFO: [Physopt 32-232] Optimized 0 net. Created 0 new instance.
INFO: [Physopt 32-775] End 1 Pass. Optimized 0 net or cell. Created 0 new cell, deleted 0 existing cell and moved 0 existing cell
INFO: [Physopt 32-670] No setup violation found.  DSP Register Optimization was not performed.
INFO: [Physopt 32-670] No setup violation found.  Shift Register to Pipeline Optimization was not performed.
INFO: [Physopt 32-670] No setup violation found.  Shift Register Optimization was not performed.
INFO: [Physopt 32-670] No setup violation found.  BRAM Register Optimization was not performed.
INFO: [Physopt 32-670] No setup violation found.  URAM Register Optimization was not performed.
INFO: [Physopt 32-949] No candidate nets found for HD net replication
INFO: [Physopt 32-775] End 1 Pass. Optimized 0 net or cell. Created 0 new cell, deleted 0 existing cell and moved 0 existing cell
Netlist sorting complete. Time (s): cpu = 00:00:00 ; elapsed = 00:00:00.003 . Memory (MB): peak = 1845.574 ; gain = 0.000

Summary of Physical Synthesis Optimizations
============================================


-----------------------------------------------------------------------------------------------------------------------------------------------------------
|  Optimization                                     |  Added Cells  |  Removed Cells  |  Optimized Cells/Nets  |  Dont Touch  |  Iterations  |  Elapsed   |
-----------------------------------------------------------------------------------------------------------------------------------------------------------
|  LUT Combining                                    |            0  |            120  |                   120  |           0  |           1  |  00:00:00  |
|  Very High Fanout                                 |            0  |              0  |                     0  |           0  |           1  |  00:00:00  |
|  DSP Register                                     |            0  |              0  |                     0  |           0  |           0  |  00:00:00  |
|  Shift Register to Pipeline                       |            0  |              0  |                     0  |           0  |           0  |  00:00:00  |
|  Shift Register                                   |            0  |              0  |                     0  |           0  |           0  |  00:00:00  |
|  BRAM Register                                    |            0  |              0  |                     0  |           0  |           0  |  00:00:00  |
|  URAM Register                                    |            0  |              0  |                     0  |           0  |           0  |  00:00:00  |
|  Dynamic/Static Region Interface Net Replication  |            0  |              0  |                     0  |           0  |           1  |  00:00:00  |
|  Total                                            |            0  |            120  |                   120  |           0  |           3  |  00:00:00  |
-----------------------------------------------------------------------------------------------------------------------------------------------------------


Phase 2.2.1 Physical Synthesis In Placer | Checksum: 15f3615a4

Time (s): cpu = 00:00:07 ; elapsed = 00:00:05 . Memory (MB): peak = 1845.574 ; gain = 0.000
Phase 2.2 Global Placement Core | Checksum: 17234f370

Time (s): cpu = 00:00:07 ; elapsed = 00:00:05 . Memory (MB): peak = 1845.574 ; gain = 0.000
Phase 2 Global Placement | Checksum: 17234f370

Time (s): cpu = 00:00:07 ; elapsed = 00:00:05 . Memory (MB): peak = 1845.574 ; gain = 0.000

Phase 3 Detail Placement

Phase 3.1 Commit Multi Column Macros
Phase 3.1 Commit Multi Column Macros | Checksum: 115329a00

Time (s): cpu = 00:00:07 ; elapsed = 00:00:05 . Memory (MB): peak = 1845.574 ; gain = 0.000

Phase 3.2 Commit Most Macros & LUTRAMs
Phase 3.2 Commit Most Macros & LUTRAMs | Checksum: e52d477c

Time (s): cpu = 00:00:08 ; elapsed = 00:00:06 . Memory (MB): peak = 1845.574 ; gain = 0.000

Phase 3.3 Area Swap Optimization
Phase 3.3 Area Swap Optimization | Checksum: de92ec29

Time (s): cpu = 00:00:08 ; elapsed = 00:00:06 . Memory (MB): peak = 1845.574 ; gain = 0.000

Phase 3.4 Pipeline Register Optimization
Phase 3.4 Pipeline Register Optimization | Checksum: 11e587634

Time (s): cpu = 00:00:08 ; elapsed = 00:00:06 . Memory (MB): peak = 1845.574 ; gain = 0.000

Phase 3.5 Small Shape Detail Placement
Phase 3.5 Small Shape Detail Placement | Checksum: d22bd427

Time (s): cpu = 00:00:10 ; elapsed = 00:00:08 . Memory (MB): peak = 1845.574 ; gain = 0.000

Phase 3.6 Re-assign LUT pins
Phase 3.6 Re-assign LUT pins | Checksum: 7741af96

Time (s): cpu = 00:00:10 ; elapsed = 00:00:08 . Memory (MB): peak = 1845.574 ; gain = 0.000

Phase 3.7 Pipeline Register Optimization
Phase 3.7 Pipeline Register Optimization | Checksum: b6fecd43

Time (s): cpu = 00:00:10 ; elapsed = 00:00:08 . Memory (MB): peak = 1845.574 ; gain = 0.000
Phase 3 Detail Placement | Checksum: b6fecd43

Time (s): cpu = 00:00:10 ; elapsed = 00:00:08 . Memory (MB): peak = 1845.574 ; gain = 0.000

Phase 4 Post Placement Optimization and Clean-Up

Phase 4.1 Post Commit Optimization
INFO: [Timing 38-35] Done setting XDC timing constraints.

Phase 4.1.1 Post Placement Optimization
Post Placement Optimization Initialization | Checksum: 95565cce

Phase 4.1.1.1 BUFG Insertion

Starting Physical Synthesis Task

Phase 1 Physical Synthesis Initialization
INFO: [Physopt 32-721] Multithreading enabled for phys_opt_design using a maximum of 2 CPUs
INFO: [Physopt 32-619] Estimated Timing Summary | WNS=2.792 | TNS=0.000 |
Phase 1 Physical Synthesis Initialization | Checksum: 643f2534

Time (s): cpu = 00:00:01 ; elapsed = 00:00:00.217 . Memory (MB): peak = 1845.574 ; gain = 0.000
INFO: [Place 46-56] BUFG insertion identified 0 candidate nets. Inserted BUFG: 0, Replicated BUFG Driver: 0, Skipped due to Placement/Routing Conflicts: 0, Skipped due to Timing Degradation: 0, Skipped due to Illegal Netlist: 0.
Ending Physical Synthesis Task | Checksum: 6922da3a

Time (s): cpu = 00:00:01 ; elapsed = 00:00:00.233 . Memory (MB): peak = 1845.574 ; gain = 0.000
Phase 4.1.1.1 BUFG Insertion | Checksum: 95565cce

Time (s): cpu = 00:00:12 ; elapsed = 00:00:10 . Memory (MB): peak = 1845.574 ; gain = 0.000
INFO: [Place 30-746] Post Placement Timing Summary WNS=2.792. For the most accurate timing information please run report_timing.
Phase 4.1.1 Post Placement Optimization | Checksum: f25e51f2

Time (s): cpu = 00:00:12 ; elapsed = 00:00:10 . Memory (MB): peak = 1845.574 ; gain = 0.000
Phase 4.1 Post Commit Optimization | Checksum: f25e51f2

Time (s): cpu = 00:00:12 ; elapsed = 00:00:10 . Memory (MB): peak = 1845.574 ; gain = 0.000

Phase 4.2 Post Placement Cleanup
Phase 4.2 Post Placement Cleanup | Checksum: f25e51f2

Time (s): cpu = 00:00:12 ; elapsed = 00:00:10 . Memory (MB): peak = 1845.574 ; gain = 0.000

Phase 4.3 Placer Reporting
Phase 4.3 Placer Reporting | Checksum: f25e51f2

Time (s): cpu = 00:00:12 ; elapsed = 00:00:10 . Memory (MB): peak = 1845.574 ; gain = 0.000

Phase 4.4 Final Placement Cleanup
Netlist sorting complete. Time (s): cpu = 00:00:00 ; elapsed = 00:00:00.004 . Memory (MB): peak = 1845.574 ; gain = 0.000
Phase 4.4 Final Placement Cleanup | Checksum: 15d1b8daa

Time (s): cpu = 00:00:12 ; elapsed = 00:00:10 . Memory (MB): peak = 1845.574 ; gain = 0.000
Phase 4 Post Placement Optimization and Clean-Up | Checksum: 15d1b8daa

Time (s): cpu = 00:00:12 ; elapsed = 00:00:10 . Memory (MB): peak = 1845.574 ; gain = 0.000
Ending Placer Task | Checksum: b84eeb08

Time (s): cpu = 00:00:12 ; elapsed = 00:00:10 . Memory (MB): peak = 1845.574 ; gain = 0.000
INFO: [Common 17-83] Releasing license: Implementation
97 Infos, 40 Warnings, 0 Critical Warnings and 0 Errors encountered.
place_design completed successfully
place_design: Time (s): cpu = 00:00:13 ; elapsed = 00:00:11 . Memory (MB): peak = 1845.574 ; gain = 0.000
INFO: [Timing 38-480] Writing timing data to binary archive.
Writing placer database...
Writing XDEF routing.
Writing XDEF routing logical nets.
Writing XDEF routing special nets.
Write XDEF Complete: Time (s): cpu = 00:00:01 ; elapsed = 00:00:00.371 . Memory (MB): peak = 1845.574 ; gain = 0.000
INFO: [Common 17-1381] The checkpoint 'C:/Users/zfsalti/488/MP-0/hw/hw.runs/impl_1/mp0_wrapper_placed.dcp' has been generated.
INFO: [runtcl-4] Executing : report_io -file mp0_wrapper_io_placed.rpt
report_io: Time (s): cpu = 00:00:00 ; elapsed = 00:00:00.029 . Memory (MB): peak = 1845.574 ; gain = 0.000
INFO: [runtcl-4] Executing : report_utilization -file mp0_wrapper_utilization_placed.rpt -pb mp0_wrapper_utilization_placed.pb
INFO: [runtcl-4] Executing : report_control_sets -verbose -file mp0_wrapper_control_sets_placed.rpt
report_control_sets: Time (s): cpu = 00:00:00 ; elapsed = 00:00:00.020 . Memory (MB): peak = 1845.574 ; gain = 0.000
Command: phys_opt_design
Attempting to get a license for feature 'Implementation' and/or device 'xc7z020'
INFO: [Common 17-349] Got license for feature 'Implementation' and/or device 'xc7z020'
INFO: [Vivado_Tcl 4-383] Design worst setup slack (WNS) is greater than or equal to 0.000 ns. Skipping all physical synthesis optimizations.
INFO: [Vivado_Tcl 4-232] No setup violation found. The netlist was not modified.
INFO: [Common 17-83] Releasing license: Implementation
106 Infos, 40 Warnings, 0 Critical Warnings and 0 Errors encountered.
phys_opt_design completed successfully
INFO: [Timing 38-480] Writing timing data to binary archive.
Writing placer database...
Writing XDEF routing.
Writing XDEF routing logical nets.
Writing XDEF routing special nets.
Write XDEF Complete: Time (s): cpu = 00:00:01 ; elapsed = 00:00:00.368 . Memory (MB): peak = 1845.574 ; gain = 0.000
INFO: [Common 17-1381] The checkpoint 'C:/Users/zfsalti/488/MP-0/hw/hw.runs/impl_1/mp0_wrapper_physopt.dcp' has been generated.
Command: route_design
Attempting to get a license for feature 'Implementation' and/or device 'xc7z020'
INFO: [Common 17-349] Got license for feature 'Implementation' and/or device 'xc7z020'
Running DRC as a precondition to command route_design
INFO: [DRC 23-27] Running DRC with 2 threads
INFO: [Vivado_Tcl 4-198] DRC finished with 0 Errors
INFO: [Vivado_Tcl 4-199] Please refer to the DRC report (report_drc) for more information.


Starting Routing Task
INFO: [Route 35-254] Multithreading enabled for route_design using a maximum of 2 CPUs
Checksum: PlaceDB: 4ca86284 ConstDB: 0 ShapeSum: 6ba68884 RouteDB: 0

Phase 1 Build RT Design
Phase 1 Build RT Design | Checksum: 19279727b

Time (s): cpu = 00:00:12 ; elapsed = 00:00:08 . Memory (MB): peak = 1958.953 ; gain = 113.379
Post Restoration Checksum: NetGraph: d2c47918 NumContArr: bfb4f963 Constraints: 0 Timing: 0

Phase 2 Router Initialization

Phase 2.1 Create Timer
Phase 2.1 Create Timer | Checksum: 19279727b

Time (s): cpu = 00:00:13 ; elapsed = 00:00:08 . Memory (MB): peak = 1958.953 ; gain = 113.379

Phase 2.2 Fix Topology Constraints
Phase 2.2 Fix Topology Constraints | Checksum: 19279727b

Time (s): cpu = 00:00:13 ; elapsed = 00:00:08 . Memory (MB): peak = 1965.996 ; gain = 120.422

Phase 2.3 Pre Route Cleanup
Phase 2.3 Pre Route Cleanup | Checksum: 19279727b

Time (s): cpu = 00:00:13 ; elapsed = 00:00:08 . Memory (MB): peak = 1965.996 ; gain = 120.422
 Number of Nodes with overlaps = 0

Phase 2.4 Update Timing
Phase 2.4 Update Timing | Checksum: 148c33ec4

Time (s): cpu = 00:00:14 ; elapsed = 00:00:10 . Memory (MB): peak = 1991.039 ; gain = 145.465
INFO: [Route 35-416] Intermediate Timing Summary | WNS=2.932  | TNS=0.000  | WHS=-0.330 | THS=-281.363|


Phase 2.5 Update Timing for Bus Skew

Phase 2.5.1 Update Timing
Phase 2.5.1 Update Timing | Checksum: 78f1a645

Time (s): cpu = 00:00:16 ; elapsed = 00:00:11 . Memory (MB): peak = 1995.613 ; gain = 150.039
INFO: [Route 35-416] Intermediate Timing Summary | WNS=2.932  | TNS=0.000  | WHS=N/A    | THS=N/A    |

Phase 2.5 Update Timing for Bus Skew | Checksum: 12ca245af

Time (s): cpu = 00:00:16 ; elapsed = 00:00:11 . Memory (MB): peak = 2007.930 ; gain = 162.355
Phase 2 Router Initialization | Checksum: 675dbdce

Time (s): cpu = 00:00:16 ; elapsed = 00:00:11 . Memory (MB): peak = 2007.930 ; gain = 162.355

Router Utilization Summary
  Global Vertical Routing Utilization    = 0 %
  Global Horizontal Routing Utilization  = 0 %
  Routable Net Status*
  *Does not include unroutable nets such as driverless and loadless.
  Run report_route_status for detailed report.
  Number of Failed Nets               = 11101
    (Failed Nets is the sum of unrouted and partially routed nets)
  Number of Unrouted Nets             = 11101
  Number of Partially Routed Nets     = 0
  Number of Node Overlaps             = 0


Phase 3 Initial Routing
Phase 3 Initial Routing | Checksum: 13ec951c3

Time (s): cpu = 00:00:17 ; elapsed = 00:00:11 . Memory (MB): peak = 2007.930 ; gain = 162.355

Phase 4 Rip-up And Reroute

Phase 4.1 Global Iteration 0
 Number of Nodes with overlaps = 964
 Number of Nodes with overlaps = 37
 Number of Nodes with overlaps = 0
INFO: [Route 35-416] Intermediate Timing Summary | WNS=3.739  | TNS=0.000  | WHS=N/A    | THS=N/A    |

Phase 4.1 Global Iteration 0 | Checksum: 1abcae85e

Time (s): cpu = 00:00:19 ; elapsed = 00:00:12 . Memory (MB): peak = 2007.930 ; gain = 162.355

Phase 4.2 Global Iteration 1
 Number of Nodes with overlaps = 0
INFO: [Route 35-416] Intermediate Timing Summary | WNS=3.739  | TNS=0.000  | WHS=N/A    | THS=N/A    |

Phase 4.2 Global Iteration 1 | Checksum: 1a5ecf4c7

Time (s): cpu = 00:00:19 ; elapsed = 00:00:13 . Memory (MB): peak = 2007.930 ; gain = 162.355
Phase 4 Rip-up And Reroute | Checksum: 1a5ecf4c7

Time (s): cpu = 00:00:19 ; elapsed = 00:00:13 . Memory (MB): peak = 2007.930 ; gain = 162.355

Phase 5 Delay and Skew Optimization

Phase 5.1 Delay CleanUp

Phase 5.1.1 Update Timing
Phase 5.1.1 Update Timing | Checksum: 153ac28bf

Time (s): cpu = 00:00:19 ; elapsed = 00:00:13 . Memory (MB): peak = 2007.930 ; gain = 162.355
INFO: [Route 35-416] Intermediate Timing Summary | WNS=3.739  | TNS=0.000  | WHS=N/A    | THS=N/A    |

Phase 5.1 Delay CleanUp | Checksum: 1de3e313a

Time (s): cpu = 00:00:19 ; elapsed = 00:00:13 . Memory (MB): peak = 2007.930 ; gain = 162.355

Phase 5.2 Clock Skew Optimization
Phase 5.2 Clock Skew Optimization | Checksum: 1de3e313a

Time (s): cpu = 00:00:19 ; elapsed = 00:00:13 . Memory (MB): peak = 2007.930 ; gain = 162.355
Phase 5 Delay and Skew Optimization | Checksum: 1de3e313a

Time (s): cpu = 00:00:19 ; elapsed = 00:00:13 . Memory (MB): peak = 2007.930 ; gain = 162.355

Phase 6 Post Hold Fix

Phase 6.1 Hold Fix Iter

Phase 6.1.1 Update Timing
Phase 6.1.1 Update Timing | Checksum: 1b1f65f1b

Time (s): cpu = 00:00:20 ; elapsed = 00:00:13 . Memory (MB): peak = 2007.930 ; gain = 162.355
INFO: [Route 35-416] Intermediate Timing Summary | WNS=3.739  | TNS=0.000  | WHS=0.014  | THS=0.000  |

Phase 6.1 Hold Fix Iter | Checksum: 14df91074

Time (s): cpu = 00:00:20 ; elapsed = 00:00:13 . Memory (MB): peak = 2007.930 ; gain = 162.355
Phase 6 Post Hold Fix | Checksum: 14df91074

Time (s): cpu = 00:00:20 ; elapsed = 00:00:13 . Memory (MB): peak = 2007.930 ; gain = 162.355

Phase 7 Route finalize

Router Utilization Summary
  Global Vertical Routing Utilization    = 1.61127 %
  Global Horizontal Routing Utilization  = 1.99535 %
  Routable Net Status*
  *Does not include unroutable nets such as driverless and loadless.
  Run report_route_status for detailed report.
  Number of Failed Nets               = 0
    (Failed Nets is the sum of unrouted and partially routed nets)
  Number of Unrouted Nets             = 0
  Number of Partially Routed Nets     = 0
  Number of Node Overlaps             = 0

Phase 7 Route finalize | Checksum: 18decaeff

Time (s): cpu = 00:00:20 ; elapsed = 00:00:13 . Memory (MB): peak = 2007.930 ; gain = 162.355

Phase 8 Verifying routed nets

 Verification completed successfully
Phase 8 Verifying routed nets | Checksum: 18decaeff

Time (s): cpu = 00:00:20 ; elapsed = 00:00:13 . Memory (MB): peak = 2007.930 ; gain = 162.355

Phase 9 Depositing Routes
Phase 9 Depositing Routes | Checksum: ea09c76e

Time (s): cpu = 00:00:20 ; elapsed = 00:00:14 . Memory (MB): peak = 2007.930 ; gain = 162.355

Phase 10 Post Router Timing
INFO: [Route 35-57] Estimated Timing Summary | WNS=3.739  | TNS=0.000  | WHS=0.014  | THS=0.000  |

INFO: [Route 35-327] The final timing numbers are based on the router estimated timing analysis. For a complete and accurate timing signoff, please run report_timing_summary.
Phase 10 Post Router Timing | Checksum: ea09c76e

Time (s): cpu = 00:00:20 ; elapsed = 00:00:14 . Memory (MB): peak = 2007.930 ; gain = 162.355
INFO: [Route 35-16] Router Completed Successfully

Time (s): cpu = 00:00:20 ; elapsed = 00:00:14 . Memory (MB): peak = 2007.930 ; gain = 162.355

Routing Is Done.
INFO: [Common 17-83] Releasing license: Implementation
123 Infos, 40 Warnings, 0 Critical Warnings and 0 Errors encountered.
route_design completed successfully
route_design: Time (s): cpu = 00:00:21 ; elapsed = 00:00:14 . Memory (MB): peak = 2007.930 ; gain = 162.355
INFO: [Timing 38-480] Writing timing data to binary archive.
Writing placer database...
Writing XDEF routing.
Writing XDEF routing logical nets.
Writing XDEF routing special nets.
Write XDEF Complete: Time (s): cpu = 00:00:02 ; elapsed = 00:00:00.465 . Memory (MB): peak = 2014.668 ; gain = 6.738
INFO: [Common 17-1381] The checkpoint 'C:/Users/zfsalti/488/MP-0/hw/hw.runs/impl_1/mp0_wrapper_routed.dcp' has been generated.
INFO: [runtcl-4] Executing : report_drc -file mp0_wrapper_drc_routed.rpt -pb mp0_wrapper_drc_routed.pb -rpx mp0_wrapper_drc_routed.rpx
Command: report_drc -file mp0_wrapper_drc_routed.rpt -pb mp0_wrapper_drc_routed.pb -rpx mp0_wrapper_drc_routed.rpx
INFO: [IP_Flow 19-1839] IP Catalog is up to date.
INFO: [DRC 23-27] Running DRC with 2 threads
INFO: [Coretcl 2-168] The results of DRC are in file C:/Users/zfsalti/488/MP-0/hw/hw.runs/impl_1/mp0_wrapper_drc_routed.rpt.
report_drc completed successfully
INFO: [runtcl-4] Executing : report_methodology -file mp0_wrapper_methodology_drc_routed.rpt -pb mp0_wrapper_methodology_drc_routed.pb -rpx mp0_wrapper_methodology_drc_routed.rpx
Command: report_methodology -file mp0_wrapper_methodology_drc_routed.rpt -pb mp0_wrapper_methodology_drc_routed.pb -rpx mp0_wrapper_methodology_drc_routed.rpx
INFO: [Timing 38-35] Done setting XDC timing constraints.
INFO: [DRC 23-133] Running Methodology with 2 threads
INFO: [Coretcl 2-1520] The results of Report Methodology are in file C:/Users/zfsalti/488/MP-0/hw/hw.runs/impl_1/mp0_wrapper_methodology_drc_routed.rpt.
report_methodology completed successfully
INFO: [runtcl-4] Executing : report_power -file mp0_wrapper_power_routed.rpt -pb mp0_wrapper_power_summary_routed.pb -rpx mp0_wrapper_power_routed.rpx
Command: report_power -file mp0_wrapper_power_routed.rpt -pb mp0_wrapper_power_summary_routed.pb -rpx mp0_wrapper_power_routed.rpx
INFO: [Timing 38-35] Done setting XDC timing constraints.
Running Vector-less Activity Propagation...

Finished Running Vector-less Activity Propagation
135 Infos, 40 Warnings, 0 Critical Warnings and 0 Errors encountered.
report_power completed successfully
INFO: [runtcl-4] Executing : report_route_status -file mp0_wrapper_route_status.rpt -pb mp0_wrapper_route_status.pb
INFO: [runtcl-4] Executing : report_timing_summary -max_paths 10 -file mp0_wrapper_timing_summary_routed.rpt -pb mp0_wrapper_timing_summary_routed.pb -rpx mp0_wrapper_timing_summary_routed.rpx -warn_on_violation 
INFO: [Timing 38-91] UpdateTimingParams: Speed grade: -1, Delay Type: min_max.
INFO: [Timing 38-191] Multithreading enabled for timing update using a maximum of 2 CPUs
WARNING: [Timing 38-436] There are set_bus_skew constraint(s) in this design. Please run report_bus_skew to ensure that bus skew requirements are met.
INFO: [runtcl-4] Executing : report_incremental_reuse -file mp0_wrapper_incremental_reuse_routed.rpt
INFO: [Vivado_Tcl 4-1062] Incremental flow is disabled. No incremental reuse Info to report.
INFO: [runtcl-4] Executing : report_clock_utilization -file mp0_wrapper_clock_utilization_routed.rpt
INFO: [runtcl-4] Executing : report_bus_skew -warn_on_violation -file mp0_wrapper_bus_skew_routed.rpt -pb mp0_wrapper_bus_skew_routed.pb -rpx mp0_wrapper_bus_skew_routed.rpx
INFO: [Timing 38-91] UpdateTimingParams: Speed grade: -1, Delay Type: min_max.
INFO: [Timing 38-191] Multithreading enabled for timing update using a maximum of 2 CPUs
INFO: [Memdata 28-208] The XPM instance: <mp0_i/axi_vdma_0/U0/I_PRMRY_DATAMOVER/GEN_MM2S_FULL.I_MM2S_FULL_WRAPPER/GEN_INCLUDE_MM2S_SF.I_RD_SF/I_DATA_FIFO/BLK_MEM.I_SYNC_FIFOGEN_FIFO/xpm_fifo_instance.xpm_fifo_sync_inst/xpm_fifo_base_inst/gen_sdpram.xpm_memory_base_inst> is part of IP: <mp0_i/axi_vdma_0>. This XPM instance will be excluded from the .mmi because updatemem is prohibited from making changes to an XPM that is part of an IP.
Command: write_bitstream -force mp0_wrapper.bit
Attempting to get a license for feature 'Implementation' and/or device 'xc7z020'
INFO: [Common 17-349] Got license for feature 'Implementation' and/or device 'xc7z020'
Running DRC as a precondition to command write_bitstream
INFO: [IP_Flow 19-1839] IP Catalog is up to date.
INFO: [DRC 23-27] Running DRC with 2 threads
WARNING: [DRC REQP-1839] RAMB36 async control check: The RAMB36E1 mp0_i/axi_vdma_0/U0/I_PRMRY_DATAMOVER/GEN_MM2S_FULL.I_MM2S_FULL_WRAPPER/GEN_INCLUDE_MM2S_SF.I_RD_SF/I_DATA_FIFO/BLK_MEM.I_SYNC_FIFOGEN_FIFO/xpm_fifo_instance.xpm_fifo_sync_inst/xpm_fifo_base_inst/gen_sdpram.xpm_memory_base_inst/gen_wr_a.gen_word_narrow.mem_reg has an input control pin mp0_i/axi_vdma_0/U0/I_PRMRY_DATAMOVER/GEN_MM2S_FULL.I_MM2S_FULL_WRAPPER/GEN_INCLUDE_MM2S_SF.I_RD_SF/I_DATA_FIFO/BLK_MEM.I_SYNC_FIFOGEN_FIFO/xpm_fifo_instance.xpm_fifo_sync_inst/xpm_fifo_base_inst/gen_sdpram.xpm_memory_base_inst/gen_wr_a.gen_word_narrow.mem_reg/WEBWE[0] (net: mp0_i/axi_vdma_0/U0/I_PRMRY_DATAMOVER/GEN_MM2S_FULL.I_MM2S_FULL_WRAPPER/GEN_INCLUDE_MM2S_SF.I_RD_SF/I_DATA_FIFO/BLK_MEM.I_SYNC_FIFOGEN_FIFO/xpm_fifo_instance.xpm_fifo_sync_inst/xpm_fifo_base_inst/gen_sdpram.xpm_memory_base_inst/wea[0]) which is driven by a register (mp0_i/axi_mem_intercon/s00_couplers/auto_pc/inst/gen_axi4_axi3.axi3_conv_inst/USE_READ.USE_SPLIT_R.read_addr_inst/USE_R_CHANNEL.cmd_queue/inst/fifo_gen_inst/inst_fifo_gen/gconvfifo.rf/grf.rf/gntv_or_sync_fifo.gl0.rd/gr1.gr1_int.rfwft/empty_fwft_i_reg) that has an active asychronous set or reset. This may cause corruption of the memory contents and/or read values when the set/reset is asserted and is not analyzed by the default static timing analysis. It is suggested to eliminate the use of a set/reset to registers driving this RAMB pin or else use a synchronous reset in which the assertion of the reset is timed by default.
WARNING: [DRC REQP-1839] RAMB36 async control check: The RAMB36E1 mp0_i/axi_vdma_0/U0/I_PRMRY_DATAMOVER/GEN_MM2S_FULL.I_MM2S_FULL_WRAPPER/GEN_INCLUDE_MM2S_SF.I_RD_SF/I_DATA_FIFO/BLK_MEM.I_SYNC_FIFOGEN_FIFO/xpm_fifo_instance.xpm_fifo_sync_inst/xpm_fifo_base_inst/gen_sdpram.xpm_memory_base_inst/gen_wr_a.gen_word_narrow.mem_reg has an input control pin mp0_i/axi_vdma_0/U0/I_PRMRY_DATAMOVER/GEN_MM2S_FULL.I_MM2S_FULL_WRAPPER/GEN_INCLUDE_MM2S_SF.I_RD_SF/I_DATA_FIFO/BLK_MEM.I_SYNC_FIFOGEN_FIFO/xpm_fifo_instance.xpm_fifo_sync_inst/xpm_fifo_base_inst/gen_sdpram.xpm_memory_base_inst/gen_wr_a.gen_word_narrow.mem_reg/WEBWE[1] (net: mp0_i/axi_vdma_0/U0/I_PRMRY_DATAMOVER/GEN_MM2S_FULL.I_MM2S_FULL_WRAPPER/GEN_INCLUDE_MM2S_SF.I_RD_SF/I_DATA_FIFO/BLK_MEM.I_SYNC_FIFOGEN_FIFO/xpm_fifo_instance.xpm_fifo_sync_inst/xpm_fifo_base_inst/gen_sdpram.xpm_memory_base_inst/wea[0]) which is driven by a register (mp0_i/axi_mem_intercon/s00_couplers/auto_pc/inst/gen_axi4_axi3.axi3_conv_inst/USE_READ.USE_SPLIT_R.read_addr_inst/USE_R_CHANNEL.cmd_queue/inst/fifo_gen_inst/inst_fifo_gen/gconvfifo.rf/grf.rf/gntv_or_sync_fifo.gl0.rd/gr1.gr1_int.rfwft/empty_fwft_i_reg) that has an active asychronous set or reset. This may cause corruption of the memory contents and/or read values when the set/reset is asserted and is not analyzed by the default static timing analysis. It is suggested to eliminate the use of a set/reset to registers driving this RAMB pin or else use a synchronous reset in which the assertion of the reset is timed by default.
WARNING: [DRC REQP-1839] RAMB36 async control check: The RAMB36E1 mp0_i/axi_vdma_0/U0/I_PRMRY_DATAMOVER/GEN_MM2S_FULL.I_MM2S_FULL_WRAPPER/GEN_INCLUDE_MM2S_SF.I_RD_SF/I_DATA_FIFO/BLK_MEM.I_SYNC_FIFOGEN_FIFO/xpm_fifo_instance.xpm_fifo_sync_inst/xpm_fifo_base_inst/gen_sdpram.xpm_memory_base_inst/gen_wr_a.gen_word_narrow.mem_reg has an input control pin mp0_i/axi_vdma_0/U0/I_PRMRY_DATAMOVER/GEN_MM2S_FULL.I_MM2S_FULL_WRAPPER/GEN_INCLUDE_MM2S_SF.I_RD_SF/I_DATA_FIFO/BLK_MEM.I_SYNC_FIFOGEN_FIFO/xpm_fifo_instance.xpm_fifo_sync_inst/xpm_fifo_base_inst/gen_sdpram.xpm_memory_base_inst/gen_wr_a.gen_word_narrow.mem_reg/WEBWE[2] (net: mp0_i/axi_vdma_0/U0/I_PRMRY_DATAMOVER/GEN_MM2S_FULL.I_MM2S_FULL_WRAPPER/GEN_INCLUDE_MM2S_SF.I_RD_SF/I_DATA_FIFO/BLK_MEM.I_SYNC_FIFOGEN_FIFO/xpm_fifo_instance.xpm_fifo_sync_inst/xpm_fifo_base_inst/gen_sdpram.xpm_memory_base_inst/wea[0]) which is driven by a register (mp0_i/axi_mem_intercon/s00_couplers/auto_pc/inst/gen_axi4_axi3.axi3_conv_inst/USE_READ.USE_SPLIT_R.read_addr_inst/USE_R_CHANNEL.cmd_queue/inst/fifo_gen_inst/inst_fifo_gen/gconvfifo.rf/grf.rf/gntv_or_sync_fifo.gl0.rd/gr1.gr1_int.rfwft/empty_fwft_i_reg) that has an active asychronous set or reset. This may cause corruption of the memory contents and/or read values when the set/reset is asserted and is not analyzed by the default static timing analysis. It is suggested to eliminate the use of a set/reset to registers driving this RAMB pin or else use a synchronous reset in which the assertion of the reset is timed by default.
WARNING: [DRC REQP-1839] RAMB36 async control check: The RAMB36E1 mp0_i/axi_vdma_0/U0/I_PRMRY_DATAMOVER/GEN_MM2S_FULL.I_MM2S_FULL_WRAPPER/GEN_INCLUDE_MM2S_SF.I_RD_SF/I_DATA_FIFO/BLK_MEM.I_SYNC_FIFOGEN_FIFO/xpm_fifo_instance.xpm_fifo_sync_inst/xpm_fifo_base_inst/gen_sdpram.xpm_memory_base_inst/gen_wr_a.gen_word_narrow.mem_reg has an input control pin mp0_i/axi_vdma_0/U0/I_PRMRY_DATAMOVER/GEN_MM2S_FULL.I_MM2S_FULL_WRAPPER/GEN_INCLUDE_MM2S_SF.I_RD_SF/I_DATA_FIFO/BLK_MEM.I_SYNC_FIFOGEN_FIFO/xpm_fifo_instance.xpm_fifo_sync_inst/xpm_fifo_base_inst/gen_sdpram.xpm_memory_base_inst/gen_wr_a.gen_word_narrow.mem_reg/WEBWE[3] (net: mp0_i/axi_vdma_0/U0/I_PRMRY_DATAMOVER/GEN_MM2S_FULL.I_MM2S_FULL_WRAPPER/GEN_INCLUDE_MM2S_SF.I_RD_SF/I_DATA_FIFO/BLK_MEM.I_SYNC_FIFOGEN_FIFO/xpm_fifo_instance.xpm_fifo_sync_inst/xpm_fifo_base_inst/gen_sdpram.xpm_memory_base_inst/wea[0]) which is driven by a register (mp0_i/axi_mem_intercon/s00_couplers/auto_pc/inst/gen_axi4_axi3.axi3_conv_inst/USE_READ.USE_SPLIT_R.read_addr_inst/USE_R_CHANNEL.cmd_queue/inst/fifo_gen_inst/inst_fifo_gen/gconvfifo.rf/grf.rf/gntv_or_sync_fifo.gl0.rd/gr1.gr1_int.rfwft/empty_fwft_i_reg) that has an active asychronous set or reset. This may cause corruption of the memory contents and/or read values when the set/reset is asserted and is not analyzed by the default static timing analysis. It is suggested to eliminate the use of a set/reset to registers driving this RAMB pin or else use a synchronous reset in which the assertion of the reset is timed by default.
WARNING: [DRC REQP-1839] RAMB36 async control check: The RAMB36E1 mp0_i/axi_vdma_0/U0/I_PRMRY_DATAMOVER/GEN_MM2S_FULL.I_MM2S_FULL_WRAPPER/GEN_INCLUDE_MM2S_SF.I_RD_SF/I_DATA_FIFO/BLK_MEM.I_SYNC_FIFOGEN_FIFO/xpm_fifo_instance.xpm_fifo_sync_inst/xpm_fifo_base_inst/gen_sdpram.xpm_memory_base_inst/gen_wr_a.gen_word_narrow.mem_reg has an input control pin mp0_i/axi_vdma_0/U0/I_PRMRY_DATAMOVER/GEN_MM2S_FULL.I_MM2S_FULL_WRAPPER/GEN_INCLUDE_MM2S_SF.I_RD_SF/I_DATA_FIFO/BLK_MEM.I_SYNC_FIFOGEN_FIFO/xpm_fifo_instance.xpm_fifo_sync_inst/xpm_fifo_base_inst/gen_sdpram.xpm_memory_base_inst/gen_wr_a.gen_word_narrow.mem_reg/WEBWE[4] (net: mp0_i/axi_vdma_0/U0/I_PRMRY_DATAMOVER/GEN_MM2S_FULL.I_MM2S_FULL_WRAPPER/GEN_INCLUDE_MM2S_SF.I_RD_SF/I_DATA_FIFO/BLK_MEM.I_SYNC_FIFOGEN_FIFO/xpm_fifo_instance.xpm_fifo_sync_inst/xpm_fifo_base_inst/gen_sdpram.xpm_memory_base_inst/wea[0]) which is driven by a register (mp0_i/axi_mem_intercon/s00_couplers/auto_pc/inst/gen_axi4_axi3.axi3_conv_inst/USE_READ.USE_SPLIT_R.read_addr_inst/USE_R_CHANNEL.cmd_queue/inst/fifo_gen_inst/inst_fifo_gen/gconvfifo.rf/grf.rf/gntv_or_sync_fifo.gl0.rd/gr1.gr1_int.rfwft/empty_fwft_i_reg) that has an active asychronous set or reset. This may cause corruption of the memory contents and/or read values when the set/reset is asserted and is not analyzed by the default static timing analysis. It is suggested to eliminate the use of a set/reset to registers driving this RAMB pin or else use a synchronous reset in which the assertion of the reset is timed by default.
WARNING: [DRC REQP-1839] RAMB36 async control check: The RAMB36E1 mp0_i/axi_vdma_0/U0/I_PRMRY_DATAMOVER/GEN_MM2S_FULL.I_MM2S_FULL_WRAPPER/GEN_INCLUDE_MM2S_SF.I_RD_SF/I_DATA_FIFO/BLK_MEM.I_SYNC_FIFOGEN_FIFO/xpm_fifo_instance.xpm_fifo_sync_inst/xpm_fifo_base_inst/gen_sdpram.xpm_memory_base_inst/gen_wr_a.gen_word_narrow.mem_reg has an input control pin mp0_i/axi_vdma_0/U0/I_PRMRY_DATAMOVER/GEN_MM2S_FULL.I_MM2S_FULL_WRAPPER/GEN_INCLUDE_MM2S_SF.I_RD_SF/I_DATA_FIFO/BLK_MEM.I_SYNC_FIFOGEN_FIFO/xpm_fifo_instance.xpm_fifo_sync_inst/xpm_fifo_base_inst/gen_sdpram.xpm_memory_base_inst/gen_wr_a.gen_word_narrow.mem_reg/WEBWE[5] (net: mp0_i/axi_vdma_0/U0/I_PRMRY_DATAMOVER/GEN_MM2S_FULL.I_MM2S_FULL_WRAPPER/GEN_INCLUDE_MM2S_SF.I_RD_SF/I_DATA_FIFO/BLK_MEM.I_SYNC_FIFOGEN_FIFO/xpm_fifo_instance.xpm_fifo_sync_inst/xpm_fifo_base_inst/gen_sdpram.xpm_memory_base_inst/wea[0]) which is driven by a register (mp0_i/axi_mem_intercon/s00_couplers/auto_pc/inst/gen_axi4_axi3.axi3_conv_inst/USE_READ.USE_SPLIT_R.read_addr_inst/USE_R_CHANNEL.cmd_queue/inst/fifo_gen_inst/inst_fifo_gen/gconvfifo.rf/grf.rf/gntv_or_sync_fifo.gl0.rd/gr1.gr1_int.rfwft/empty_fwft_i_reg) that has an active asychronous set or reset. This may cause corruption of the memory contents and/or read values when the set/reset is asserted and is not analyzed by the default static timing analysis. It is suggested to eliminate the use of a set/reset to registers driving this RAMB pin or else use a synchronous reset in which the assertion of the reset is timed by default.
WARNING: [DRC REQP-1839] RAMB36 async control check: The RAMB36E1 mp0_i/axi_vdma_0/U0/I_PRMRY_DATAMOVER/GEN_MM2S_FULL.I_MM2S_FULL_WRAPPER/GEN_INCLUDE_MM2S_SF.I_RD_SF/I_DATA_FIFO/BLK_MEM.I_SYNC_FIFOGEN_FIFO/xpm_fifo_instance.xpm_fifo_sync_inst/xpm_fifo_base_inst/gen_sdpram.xpm_memory_base_inst/gen_wr_a.gen_word_narrow.mem_reg has an input control pin mp0_i/axi_vdma_0/U0/I_PRMRY_DATAMOVER/GEN_MM2S_FULL.I_MM2S_FULL_WRAPPER/GEN_INCLUDE_MM2S_SF.I_RD_SF/I_DATA_FIFO/BLK_MEM.I_SYNC_FIFOGEN_FIFO/xpm_fifo_instance.xpm_fifo_sync_inst/xpm_fifo_base_inst/gen_sdpram.xpm_memory_base_inst/gen_wr_a.gen_word_narrow.mem_reg/WEBWE[6] (net: mp0_i/axi_vdma_0/U0/I_PRMRY_DATAMOVER/GEN_MM2S_FULL.I_MM2S_FULL_WRAPPER/GEN_INCLUDE_MM2S_SF.I_RD_SF/I_DATA_FIFO/BLK_MEM.I_SYNC_FIFOGEN_FIFO/xpm_fifo_instance.xpm_fifo_sync_inst/xpm_fifo_base_inst/gen_sdpram.xpm_memory_base_inst/wea[0]) which is driven by a register (mp0_i/axi_mem_intercon/s00_couplers/auto_pc/inst/gen_axi4_axi3.axi3_conv_inst/USE_READ.USE_SPLIT_R.read_addr_inst/USE_R_CHANNEL.cmd_queue/inst/fifo_gen_inst/inst_fifo_gen/gconvfifo.rf/grf.rf/gntv_or_sync_fifo.gl0.rd/gr1.gr1_int.rfwft/empty_fwft_i_reg) that has an active asychronous set or reset. This may cause corruption of the memory contents and/or read values when the set/reset is asserted and is not analyzed by the default static timing analysis. It is suggested to eliminate the use of a set/reset to registers driving this RAMB pin or else use a synchronous reset in which the assertion of the reset is timed by default.
WARNING: [DRC REQP-1839] RAMB36 async control check: The RAMB36E1 mp0_i/axi_vdma_0/U0/I_PRMRY_DATAMOVER/GEN_MM2S_FULL.I_MM2S_FULL_WRAPPER/GEN_INCLUDE_MM2S_SF.I_RD_SF/I_DATA_FIFO/BLK_MEM.I_SYNC_FIFOGEN_FIFO/xpm_fifo_instance.xpm_fifo_sync_inst/xpm_fifo_base_inst/gen_sdpram.xpm_memory_base_inst/gen_wr_a.gen_word_narrow.mem_reg has an input control pin mp0_i/axi_vdma_0/U0/I_PRMRY_DATAMOVER/GEN_MM2S_FULL.I_MM2S_FULL_WRAPPER/GEN_INCLUDE_MM2S_SF.I_RD_SF/I_DATA_FIFO/BLK_MEM.I_SYNC_FIFOGEN_FIFO/xpm_fifo_instance.xpm_fifo_sync_inst/xpm_fifo_base_inst/gen_sdpram.xpm_memory_base_inst/gen_wr_a.gen_word_narrow.mem_reg/WEBWE[7] (net: mp0_i/axi_vdma_0/U0/I_PRMRY_DATAMOVER/GEN_MM2S_FULL.I_MM2S_FULL_WRAPPER/GEN_INCLUDE_MM2S_SF.I_RD_SF/I_DATA_FIFO/BLK_MEM.I_SYNC_FIFOGEN_FIFO/xpm_fifo_instance.xpm_fifo_sync_inst/xpm_fifo_base_inst/gen_sdpram.xpm_memory_base_inst/wea[0]) which is driven by a register (mp0_i/axi_mem_intercon/s00_couplers/auto_pc/inst/gen_axi4_axi3.axi3_conv_inst/USE_READ.USE_SPLIT_R.read_addr_inst/USE_R_CHANNEL.cmd_queue/inst/fifo_gen_inst/inst_fifo_gen/gconvfifo.rf/grf.rf/gntv_or_sync_fifo.gl0.rd/gr1.gr1_int.rfwft/empty_fwft_i_reg) that has an active asychronous set or reset. This may cause corruption of the memory contents and/or read values when the set/reset is asserted and is not analyzed by the default static timing analysis. It is suggested to eliminate the use of a set/reset to registers driving this RAMB pin or else use a synchronous reset in which the assertion of the reset is timed by default.
WARNING: [DRC RTSTAT-10] No routable loads: 42 net(s) have no routable loads. The problem bus(es) and/or net(s) are dbg_hub/inst/BSCANID.u_xsdbm_id/CORE_XSDB.UUT_MASTER/U_ICON_INTERFACE/U_CMD6_RD/U_RD_FIFO/SUBCORE_FIFO.xsdbm_v3_0_0_rdfifo_inst/inst_fifo_gen/gconvfifo.rf/grf.rf/gntv_or_sync_fifo.gl0.rd/gr1.gr1_int.rfwft/aempty_fwft_i, mp0_i/axi_mem_intercon/s00_couplers/auto_pc/inst/gen_axi4_axi3.axi3_conv_inst/USE_READ.USE_SPLIT_R.read_addr_inst/USE_R_CHANNEL.cmd_queue/inst/fifo_gen_inst/inst_fifo_gen/gconvfifo.rf/grf.rf/gntv_or_sync_fifo.gl0.rd/gr1.gr1_int.rfwft/aempty_fwft_i, dbg_hub/inst/BSCANID.u_xsdbm_id/CORE_XSDB.UUT_MASTER/U_ICON_INTERFACE/U_CMD7_CTL/ctl_reg[2:0], dbg_hub/inst/BSCANID.u_xsdbm_id/CORE_XSDB.UUT_MASTER/U_ICON_INTERFACE/U_CMD7_CTL/ctl_reg_en_2[1], dbg_hub/inst/BSCANID.u_xsdbm_id/CORE_XSDB.UUT_MASTER/U_ICON_INTERFACE/U_CMD1/ctl_reg_en_2[1], dbg_hub/inst/BSCANID.u_xsdbm_id/SWITCH_N_EXT_BSCAN.bscan_switch/m_bscan_capture[0], dbg_hub/inst/BSCANID.u_xsdbm_id/SWITCH_N_EXT_BSCAN.bscan_switch/m_bscan_drck[0], dbg_hub/inst/BSCANID.u_xsdbm_id/SWITCH_N_EXT_BSCAN.bscan_switch/m_bscan_runtest[0], dbg_hub/inst/BSCANID.u_xsdbm_id/CORE_XSDB.UUT_MASTER/U_ICON_INTERFACE/U_CMD6_RD/U_RD_FIFO/SUBCORE_FIFO.xsdbm_v3_0_0_rdfifo_inst/inst_fifo_gen/gconvfifo.rf/grf.rf/gntv_or_sync_fifo.gl0.wr/gwhf.whf/overflow, dbg_hub/inst/BSCANID.u_xsdbm_id/CORE_XSDB.UUT_MASTER/U_ICON_INTERFACE/U_CMD6_WR/U_WR_FIFO/SUBCORE_FIFO.xsdbm_v3_0_0_wrfifo_inst/inst_fifo_gen/gconvfifo.rf/grf.rf/gntv_or_sync_fifo.gl0.wr/gwhf.whf/overflow, mp0_i/axi_mem_intercon/s00_couplers/auto_pc/inst/gen_axi4_axi3.axi3_conv_inst/USE_READ.USE_SPLIT_R.read_addr_inst/USE_R_CHANNEL.cmd_queue/inst/fifo_gen_inst/inst_fifo_gen/gconvfifo.rf/grf.rf/gntv_or_sync_fifo.gl0.wr/gwss.wsts/ram_afull_fb, mp0_i/axi_mem_intercon/s00_couplers/auto_pc/inst/gen_axi4_axi3.axi3_conv_inst/USE_READ.USE_SPLIT_R.read_addr_inst/USE_R_CHANNEL.cmd_queue/inst/fifo_gen_inst/inst_fifo_gen/gconvfifo.rf/grf.rf/gntv_or_sync_fifo.gl0.wr/gwss.wsts/ram_afull_i, mp0_i/axi_mem_intercon/s00_couplers/auto_pc/inst/gen_axi4_axi3.axi3_conv_inst/USE_READ.USE_SPLIT_R.read_addr_inst/USE_R_CHANNEL.cmd_queue/inst/fifo_gen_inst/inst_fifo_gen/gconvfifo.rf/grf.rf/gntv_or_sync_fifo.gl0.rd/grss.rsts/ram_empty_i, dbg_hub/inst/BSCANID.u_xsdbm_id/CORE_XSDB.UUT_MASTER/U_ICON_INTERFACE/U_CMD6_RD/U_RD_FIFO/SUBCORE_FIFO.xsdbm_v3_0_0_rdfifo_inst/inst_fifo_gen/gconvfifo.rf/grf.rf/gntv_or_sync_fifo.gl0.rd/gras.rsts/ram_empty_i, dbg_hub/inst/BSCANID.u_xsdbm_id/CORE_XSDB.UUT_MASTER/U_ICON_INTERFACE/U_CMD6_WR/U_WR_FIFO/SUBCORE_FIFO.xsdbm_v3_0_0_wrfifo_inst/inst_fifo_gen/gconvfifo.rf/grf.rf/gntv_or_sync_fifo.gl0.wr/gwas.wsts/ram_full_i... and (the first 15 of 36 listed).
INFO: [DRC REQP-181] writefirst: Synchronous clocking is detected for BRAM (mp0_i/axi_vdma_0/U0/I_PRMRY_DATAMOVER/GEN_MM2S_FULL.I_MM2S_FULL_WRAPPER/GEN_INCLUDE_MM2S_SF.I_RD_SF/I_DATA_FIFO/BLK_MEM.I_SYNC_FIFOGEN_FIFO/xpm_fifo_instance.xpm_fifo_sync_inst/xpm_fifo_base_inst/gen_sdpram.xpm_memory_base_inst/gen_wr_a.gen_word_narrow.mem_reg) in SDP mode with WRITE_FIRST write-mode. This is the preferred mode for best power characteristics, however it may exhibit address collisions if the same address appears on both read and write ports resulting in unknown or corrupted read data. It is suggested to confirm via simulation that an address collision never occurs and if so it is suggested to try and avoid this situation. If address collisions cannot be avoided, the write-mode may be set to READ_FIRST which guarantees that the read data is the prior contents of the memory at the cost of additional power in the design. See the FPGA Memory Resources User Guide for additional information.
INFO: [Vivado 12-3199] DRC finished with 0 Errors, 9 Warnings, 1 Advisories
INFO: [Vivado 12-3200] Please refer to the DRC report (report_drc) for more information.
INFO: [Designutils 20-2272] Running write_bitstream with 2 threads.
Loading data files...
Loading site data...
Loading route data...
Processing options...
Creating bitmap...
Creating bitstream...
Writing bitstream ./mp0_wrapper.bit...
INFO: [Vivado 12-1842] Bitgen Completed Successfully.
INFO: [Common 17-83] Releasing license: Implementation
155 Infos, 50 Warnings, 0 Critical Warnings and 0 Errors encountered.
write_bitstream completed successfully
write_bitstream: Time (s): cpu = 00:00:10 ; elapsed = 00:00:08 . Memory (MB): peak = 2501.492 ; gain = 446.480
INFO: [Common 17-206] Exiting Vivado at Sun Feb  1 15:08:35 2026...
