Vivado Simulator 2020.1
Copyright 1986-1999, 2001-2020 Xilinx, Inc. All Rights Reserved.
Running: C:/Xilinx/Vivado/2020.1/bin/unwrapped/win64.o/xelab.exe -wto 7bc574f44fec41f6aa1490625a8b15ed --incr --debug typical --relax --mt 2 -L axi_infrastructure_v1_1_0 -L axi_vip_v1_1_7 -L processing_system7_vip_v1_0_9 -L xil_defaultlib -L axi_lite_ipif_v3_0_4 -L lib_cdc_v1_0_2 -L interrupt_control_v3_1_4 -L axi_gpio_v2_0_23 -L generic_baseblocks_v2_1_0 -L axi_register_slice_v2_1_21 -L fifo_generator_v13_2_5 -L axi_data_fifo_v2_1_20 -L axi_crossbar_v2_1_22 -L proc_sys_reset_v5_0_13 -L gigantic_mux -L xlconcat_v2_1_3 -L lib_pkg_v1_0_2 -L lib_fifo_v1_0_14 -L blk_mem_gen_v8_4_4 -L lib_bmg_v1_0_13 -L lib_srl_fifo_v1_0_2 -L axi_datamover_v5_1_23 -L axi_vdma_v6_3_9 -L axi_protocol_converter_v2_1_21 -L xilinx_vip -L unisims_ver -L unimacro_ver -L secureip -L xpm --snapshot mp0_wrapper_behav xil_defaultlib.mp0_wrapper xil_defaultlib.glbl -log elaborate.log 
Using 2 slave threads.
Starting static elaboration
Pass Through NonSizing Optimizer
WARNING: [VRFC 10-3091] actual bit length 128 differs from formal bit length 64 for port 'WR_DATA_STRB' [/scratch/proj/xbuilds/SWIP/2020.1_0602_1208/infra/XSIM/lin/.cxl.ip/incl/processing_system7_vip_v1_0_9_axi_gp.v:208]
WARNING: [VRFC 10-3091] actual bit length 12 differs from formal bit length 6 for port 'm_axi_bid' [/wrk/2020.1/nightly/2020_05_27_2902540/packages/customer/vivado/data/ip/xilinx/processing_system7_vip_v1_0/hdl/processing_system7_vip_v1_0_vl_rfs.sv:5496]
WARNING: [VRFC 10-3091] actual bit length 12 differs from formal bit length 6 for port 'm_axi_rid' [/wrk/2020.1/nightly/2020_05_27_2902540/packages/customer/vivado/data/ip/xilinx/processing_system7_vip_v1_0/hdl/processing_system7_vip_v1_0_vl_rfs.sv:5514]
WARNING: [VRFC 10-3091] actual bit length 128 differs from formal bit length 64 for port 'WR_DATA_STRB' [/scratch/proj/xbuilds/SWIP/2020.1_0602_1208/infra/XSIM/lin/.cxl.ip/incl/processing_system7_vip_v1_0_9_axi_gp.v:292]
WARNING: [VRFC 10-3091] actual bit length 8 differs from formal bit length 9 for port 'WR_BYTES' [/scratch/proj/xbuilds/SWIP/2020.1_0602_1208/infra/XSIM/lin/.cxl.ip/incl/processing_system7_vip_v1_0_9_axi_hp.v:80]
WARNING: [VRFC 10-3091] actual bit length 8 differs from formal bit length 9 for port 'RD_BYTES' [/scratch/proj/xbuilds/SWIP/2020.1_0602_1208/infra/XSIM/lin/.cxl.ip/incl/processing_system7_vip_v1_0_9_axi_hp.v:89]
WARNING: [VRFC 10-3091] actual bit length 12 differs from formal bit length 6 for port 'm_axi_bid' [/wrk/2020.1/nightly/2020_05_27_2902540/packages/customer/vivado/data/ip/xilinx/processing_system7_vip_v1_0/hdl/processing_system7_vip_v1_0_vl_rfs.sv:10203]
WARNING: [VRFC 10-3091] actual bit length 12 differs from formal bit length 6 for port 'm_axi_rid' [/wrk/2020.1/nightly/2020_05_27_2902540/packages/customer/vivado/data/ip/xilinx/processing_system7_vip_v1_0/hdl/processing_system7_vip_v1_0_vl_rfs.sv:10221]
WARNING: [VRFC 10-3091] actual bit length 32 differs from formal bit length 64 for port 'm_axi_rdata' [/wrk/2020.1/nightly/2020_05_27_2902540/packages/customer/vivado/data/ip/xilinx/processing_system7_vip_v1_0/hdl/processing_system7_vip_v1_0_vl_rfs.sv:10222]
WARNING: [VRFC 10-3091] actual bit length 8 differs from formal bit length 9 for port 'WR_BYTES' [/scratch/proj/xbuilds/SWIP/2020.1_0602_1208/infra/XSIM/lin/.cxl.ip/incl/processing_system7_vip_v1_0_9_axi_hp.v:165]
WARNING: [VRFC 10-3091] actual bit length 8 differs from formal bit length 9 for port 'RD_BYTES' [/scratch/proj/xbuilds/SWIP/2020.1_0602_1208/infra/XSIM/lin/.cxl.ip/incl/processing_system7_vip_v1_0_9_axi_hp.v:174]
WARNING: [VRFC 10-3091] actual bit length 8 differs from formal bit length 9 for port 'WR_BYTES' [/scratch/proj/xbuilds/SWIP/2020.1_0602_1208/infra/XSIM/lin/.cxl.ip/incl/processing_system7_vip_v1_0_9_axi_hp.v:251]
WARNING: [VRFC 10-3091] actual bit length 8 differs from formal bit length 9 for port 'RD_BYTES' [/scratch/proj/xbuilds/SWIP/2020.1_0602_1208/infra/XSIM/lin/.cxl.ip/incl/processing_system7_vip_v1_0_9_axi_hp.v:260]
WARNING: [VRFC 10-3091] actual bit length 8 differs from formal bit length 9 for port 'WR_BYTES' [/scratch/proj/xbuilds/SWIP/2020.1_0602_1208/infra/XSIM/lin/.cxl.ip/incl/processing_system7_vip_v1_0_9_axi_hp.v:337]
WARNING: [VRFC 10-3091] actual bit length 8 differs from formal bit length 9 for port 'RD_BYTES' [/scratch/proj/xbuilds/SWIP/2020.1_0602_1208/infra/XSIM/lin/.cxl.ip/incl/processing_system7_vip_v1_0_9_axi_hp.v:346]
WARNING: [VRFC 10-3091] actual bit length 12 differs from formal bit length 3 for port 'm_axi_bid' [/wrk/2020.1/nightly/2020_05_27_2902540/packages/customer/vivado/data/ip/xilinx/processing_system7_vip_v1_0/hdl/processing_system7_vip_v1_0_vl_rfs.sv:7107]
WARNING: [VRFC 10-3091] actual bit length 12 differs from formal bit length 3 for port 'm_axi_rid' [/wrk/2020.1/nightly/2020_05_27_2902540/packages/customer/vivado/data/ip/xilinx/processing_system7_vip_v1_0/hdl/processing_system7_vip_v1_0_vl_rfs.sv:7125]
WARNING: [VRFC 10-3091] actual bit length 32 differs from formal bit length 64 for port 'm_axi_rdata' [/wrk/2020.1/nightly/2020_05_27_2902540/packages/customer/vivado/data/ip/xilinx/processing_system7_vip_v1_0/hdl/processing_system7_vip_v1_0_vl_rfs.sv:7126]
WARNING: [VRFC 10-3091] actual bit length 1 differs from formal bit length 2 for port 'slot_0_axi_awid' [C:/Users/zfsalti/488/MP-0/hw/hw.ip_user_files/bd/mp0/ip/mp0_system_ila_0_0/bd_0/ip/ip_1/sim/bd_9b48_g_inst_0.v:2246]
WARNING: [VRFC 10-3091] actual bit length 32 differs from formal bit length 4 for port 'slot_0_axi_awcache' [C:/Users/zfsalti/488/MP-0/hw/hw.ip_user_files/bd/mp0/ip/mp0_system_ila_0_0/bd_0/ip/ip_1/sim/bd_9b48_g_inst_0.v:2252]
WARNING: [VRFC 10-3091] actual bit length 1 differs from formal bit length 2 for port 'slot_0_axi_bid' [C:/Users/zfsalti/488/MP-0/hw/hw.ip_user_files/bd/mp0/ip/mp0_system_ila_0_0/bd_0/ip/ip_1/sim/bd_9b48_g_inst_0.v:2261]
WARNING: [VRFC 10-3091] actual bit length 1 differs from formal bit length 2 for port 'slot_0_axi_arid' [C:/Users/zfsalti/488/MP-0/hw/hw.ip_user_files/bd/mp0/ip/mp0_system_ila_0_0/bd_0/ip/ip_1/sim/bd_9b48_g_inst_0.v:2265]
WARNING: [VRFC 10-3091] actual bit length 32 differs from formal bit length 4 for port 'slot_0_axi_arcache' [C:/Users/zfsalti/488/MP-0/hw/hw.ip_user_files/bd/mp0/ip/mp0_system_ila_0_0/bd_0/ip/ip_1/sim/bd_9b48_g_inst_0.v:2270]
WARNING: [VRFC 10-3091] actual bit length 1 differs from formal bit length 2 for port 'slot_0_axi_rid' [C:/Users/zfsalti/488/MP-0/hw/hw.ip_user_files/bd/mp0/ip/mp0_system_ila_0_0/bd_0/ip/ip_1/sim/bd_9b48_g_inst_0.v:2275]
WARNING: [VRFC 10-3091] actual bit length 32 differs from formal bit length 4 for port 'slot_1_axi_awcache' [C:/Users/zfsalti/488/MP-0/hw/hw.ip_user_files/bd/mp0/ip/mp0_system_ila_0_0/bd_0/ip/ip_1/sim/bd_9b48_g_inst_0.v:2296]
WARNING: [VRFC 10-3091] actual bit length 32 differs from formal bit length 4 for port 'slot_1_axi_arcache' [C:/Users/zfsalti/488/MP-0/hw/hw.ip_user_files/bd/mp0/ip/mp0_system_ila_0_0/bd_0/ip/ip_1/sim/bd_9b48_g_inst_0.v:2314]
WARNING: [VRFC 10-3091] actual bit length 32 differs from formal bit length 4 for port 'slot_2_axi_awcache' [C:/Users/zfsalti/488/MP-0/hw/hw.ip_user_files/bd/mp0/ip/mp0_system_ila_0_0/bd_0/ip/ip_1/sim/bd_9b48_g_inst_0.v:2340]
WARNING: [VRFC 10-3091] actual bit length 32 differs from formal bit length 4 for port 'slot_2_axi_arcache' [C:/Users/zfsalti/488/MP-0/hw/hw.ip_user_files/bd/mp0/ip/mp0_system_ila_0_0/bd_0/ip/ip_1/sim/bd_9b48_g_inst_0.v:2358]
WARNING: [VRFC 10-3091] actual bit length 32 differs from formal bit length 4 for port 'slot_3_axi_awcache' [C:/Users/zfsalti/488/MP-0/hw/hw.ip_user_files/bd/mp0/ip/mp0_system_ila_0_0/bd_0/ip/ip_1/sim/bd_9b48_g_inst_0.v:2384]
WARNING: [VRFC 10-3091] actual bit length 32 differs from formal bit length 4 for port 'slot_3_axi_arcache' [C:/Users/zfsalti/488/MP-0/hw/hw.ip_user_files/bd/mp0/ip/mp0_system_ila_0_0/bd_0/ip/ip_1/sim/bd_9b48_g_inst_0.v:2402]
WARNING: [VRFC 10-3091] actual bit length 32 differs from formal bit length 4 for port 'slot_4_axi_awcache' [C:/Users/zfsalti/488/MP-0/hw/hw.ip_user_files/bd/mp0/ip/mp0_system_ila_0_0/bd_0/ip/ip_1/sim/bd_9b48_g_inst_0.v:2428]
WARNING: [VRFC 10-3091] actual bit length 32 differs from formal bit length 4 for port 'slot_4_axi_arcache' [C:/Users/zfsalti/488/MP-0/hw/hw.ip_user_files/bd/mp0/ip/mp0_system_ila_0_0/bd_0/ip/ip_1/sim/bd_9b48_g_inst_0.v:2446]
WARNING: [VRFC 10-3091] actual bit length 32 differs from formal bit length 4 for port 'slot_5_axi_awcache' [C:/Users/zfsalti/488/MP-0/hw/hw.ip_user_files/bd/mp0/ip/mp0_system_ila_0_0/bd_0/ip/ip_1/sim/bd_9b48_g_inst_0.v:2472]
WARNING: [VRFC 10-3091] actual bit length 32 differs from formal bit length 4 for port 'slot_5_axi_arcache' [C:/Users/zfsalti/488/MP-0/hw/hw.ip_user_files/bd/mp0/ip/mp0_system_ila_0_0/bd_0/ip/ip_1/sim/bd_9b48_g_inst_0.v:2490]
WARNING: [VRFC 10-3091] actual bit length 32 differs from formal bit length 4 for port 'slot_6_axi_awcache' [C:/Users/zfsalti/488/MP-0/hw/hw.ip_user_files/bd/mp0/ip/mp0_system_ila_0_0/bd_0/ip/ip_1/sim/bd_9b48_g_inst_0.v:2516]
WARNING: [VRFC 10-3091] actual bit length 32 differs from formal bit length 4 for port 'slot_6_axi_arcache' [C:/Users/zfsalti/488/MP-0/hw/hw.ip_user_files/bd/mp0/ip/mp0_system_ila_0_0/bd_0/ip/ip_1/sim/bd_9b48_g_inst_0.v:2534]
WARNING: [VRFC 10-3091] actual bit length 32 differs from formal bit length 4 for port 'slot_7_axi_awcache' [C:/Users/zfsalti/488/MP-0/hw/hw.ip_user_files/bd/mp0/ip/mp0_system_ila_0_0/bd_0/ip/ip_1/sim/bd_9b48_g_inst_0.v:2560]
WARNING: [VRFC 10-3091] actual bit length 32 differs from formal bit length 4 for port 'slot_7_axi_arcache' [C:/Users/zfsalti/488/MP-0/hw/hw.ip_user_files/bd/mp0/ip/mp0_system_ila_0_0/bd_0/ip/ip_1/sim/bd_9b48_g_inst_0.v:2578]
WARNING: [VRFC 10-3091] actual bit length 32 differs from formal bit length 4 for port 'slot_8_axi_awcache' [C:/Users/zfsalti/488/MP-0/hw/hw.ip_user_files/bd/mp0/ip/mp0_system_ila_0_0/bd_0/ip/ip_1/sim/bd_9b48_g_inst_0.v:2604]
WARNING: [VRFC 10-3091] actual bit length 32 differs from formal bit length 4 for port 'slot_8_axi_arcache' [C:/Users/zfsalti/488/MP-0/hw/hw.ip_user_files/bd/mp0/ip/mp0_system_ila_0_0/bd_0/ip/ip_1/sim/bd_9b48_g_inst_0.v:2622]
WARNING: [VRFC 10-3091] actual bit length 32 differs from formal bit length 4 for port 'slot_9_axi_awcache' [C:/Users/zfsalti/488/MP-0/hw/hw.ip_user_files/bd/mp0/ip/mp0_system_ila_0_0/bd_0/ip/ip_1/sim/bd_9b48_g_inst_0.v:2648]
WARNING: [VRFC 10-3091] actual bit length 3 differs from formal bit length 4 for port 'slot_9_axi_wstrb' [C:/Users/zfsalti/488/MP-0/hw/hw.ip_user_files/bd/mp0/ip/mp0_system_ila_0_0/bd_0/ip/ip_1/sim/bd_9b48_g_inst_0.v:2653]
WARNING: [VRFC 10-3091] actual bit length 32 differs from formal bit length 4 for port 'slot_9_axi_arcache' [C:/Users/zfsalti/488/MP-0/hw/hw.ip_user_files/bd/mp0/ip/mp0_system_ila_0_0/bd_0/ip/ip_1/sim/bd_9b48_g_inst_0.v:2666]
WARNING: [VRFC 10-3091] actual bit length 3 differs from formal bit length 4 for port 'slot_9_axis_tstrb' [C:/Users/zfsalti/488/MP-0/hw/hw.ip_user_files/bd/mp0/ip/mp0_system_ila_0_0/bd_0/ip/ip_1/sim/bd_9b48_g_inst_0.v:2680]
WARNING: [VRFC 10-3091] actual bit length 3 differs from formal bit length 4 for port 'slot_9_axis_tkeep' [C:/Users/zfsalti/488/MP-0/hw/hw.ip_user_files/bd/mp0/ip/mp0_system_ila_0_0/bd_0/ip/ip_1/sim/bd_9b48_g_inst_0.v:2681]
WARNING: [VRFC 10-3091] actual bit length 32 differs from formal bit length 4 for port 'slot_10_axi_awcache' [C:/Users/zfsalti/488/MP-0/hw/hw.ip_user_files/bd/mp0/ip/mp0_system_ila_0_0/bd_0/ip/ip_1/sim/bd_9b48_g_inst_0.v:2692]
WARNING: [VRFC 10-3091] actual bit length 32 differs from formal bit length 4 for port 'slot_10_axi_arcache' [C:/Users/zfsalti/488/MP-0/hw/hw.ip_user_files/bd/mp0/ip/mp0_system_ila_0_0/bd_0/ip/ip_1/sim/bd_9b48_g_inst_0.v:2710]
WARNING: [VRFC 10-3091] actual bit length 32 differs from formal bit length 4 for port 'slot_11_axi_awcache' [C:/Users/zfsalti/488/MP-0/hw/hw.ip_user_files/bd/mp0/ip/mp0_system_ila_0_0/bd_0/ip/ip_1/sim/bd_9b48_g_inst_0.v:2736]
WARNING: [VRFC 10-3091] actual bit length 32 differs from formal bit length 4 for port 'slot_11_axi_arcache' [C:/Users/zfsalti/488/MP-0/hw/hw.ip_user_files/bd/mp0/ip/mp0_system_ila_0_0/bd_0/ip/ip_1/sim/bd_9b48_g_inst_0.v:2754]
WARNING: [VRFC 10-3091] actual bit length 32 differs from formal bit length 4 for port 'slot_12_axi_awcache' [C:/Users/zfsalti/488/MP-0/hw/hw.ip_user_files/bd/mp0/ip/mp0_system_ila_0_0/bd_0/ip/ip_1/sim/bd_9b48_g_inst_0.v:2780]
WARNING: [VRFC 10-3091] actual bit length 32 differs from formal bit length 4 for port 'slot_12_axi_arcache' [C:/Users/zfsalti/488/MP-0/hw/hw.ip_user_files/bd/mp0/ip/mp0_system_ila_0_0/bd_0/ip/ip_1/sim/bd_9b48_g_inst_0.v:2798]
WARNING: [VRFC 10-3091] actual bit length 32 differs from formal bit length 4 for port 'slot_13_axi_awcache' [C:/Users/zfsalti/488/MP-0/hw/hw.ip_user_files/bd/mp0/ip/mp0_system_ila_0_0/bd_0/ip/ip_1/sim/bd_9b48_g_inst_0.v:2824]
WARNING: [VRFC 10-3091] actual bit length 32 differs from formal bit length 4 for port 'slot_13_axi_arcache' [C:/Users/zfsalti/488/MP-0/hw/hw.ip_user_files/bd/mp0/ip/mp0_system_ila_0_0/bd_0/ip/ip_1/sim/bd_9b48_g_inst_0.v:2842]
WARNING: [VRFC 10-3091] actual bit length 32 differs from formal bit length 4 for port 'slot_14_axi_awcache' [C:/Users/zfsalti/488/MP-0/hw/hw.ip_user_files/bd/mp0/ip/mp0_system_ila_0_0/bd_0/ip/ip_1/sim/bd_9b48_g_inst_0.v:2868]
WARNING: [VRFC 10-3091] actual bit length 32 differs from formal bit length 4 for port 'slot_14_axi_arcache' [C:/Users/zfsalti/488/MP-0/hw/hw.ip_user_files/bd/mp0/ip/mp0_system_ila_0_0/bd_0/ip/ip_1/sim/bd_9b48_g_inst_0.v:2886]
WARNING: [VRFC 10-3091] actual bit length 32 differs from formal bit length 4 for port 'slot_15_axi_awcache' [C:/Users/zfsalti/488/MP-0/hw/hw.ip_user_files/bd/mp0/ip/mp0_system_ila_0_0/bd_0/ip/ip_1/sim/bd_9b48_g_inst_0.v:2912]
WARNING: [VRFC 10-3091] actual bit length 32 differs from formal bit length 4 for port 'slot_15_axi_arcache' [C:/Users/zfsalti/488/MP-0/hw/hw.ip_user_files/bd/mp0/ip/mp0_system_ila_0_0/bd_0/ip/ip_1/sim/bd_9b48_g_inst_0.v:2930]
WARNING: [VRFC 10-3091] actual bit length 16 differs from formal bit length 1 for port 'sel' [C:/Users/zfsalti/488/MP-0/hw/hw.ip_user_files/bd/mp0/ip/mp0_system_ila_0_0/bd_0/ip/ip_1/sim/bd_9b48_g_inst_0.v:3830]
WARNING: [VRFC 10-3091] actual bit length 1 differs from formal bit length 2 for port 'slot_0_axi_awuser' [C:/Users/zfsalti/488/MP-0/hw/hw.ip_user_files/bd/mp0/ip/mp0_system_ila_0_0/bd_0/ip/ip_1/sim/bd_9b48_g_inst_0.v:3831]
WARNING: [VRFC 10-3091] actual bit length 1 differs from formal bit length 2 for port 'slot_0_axi_wuser' [C:/Users/zfsalti/488/MP-0/hw/hw.ip_user_files/bd/mp0/ip/mp0_system_ila_0_0/bd_0/ip/ip_1/sim/bd_9b48_g_inst_0.v:3832]
WARNING: [VRFC 10-3091] actual bit length 1 differs from formal bit length 2 for port 'slot_0_axi_buser' [C:/Users/zfsalti/488/MP-0/hw/hw.ip_user_files/bd/mp0/ip/mp0_system_ila_0_0/bd_0/ip/ip_1/sim/bd_9b48_g_inst_0.v:3833]
WARNING: [VRFC 10-3091] actual bit length 1 differs from formal bit length 2 for port 'slot_0_axi_aruser' [C:/Users/zfsalti/488/MP-0/hw/hw.ip_user_files/bd/mp0/ip/mp0_system_ila_0_0/bd_0/ip/ip_1/sim/bd_9b48_g_inst_0.v:3834]
WARNING: [VRFC 10-3091] actual bit length 1 differs from formal bit length 2 for port 'slot_0_axi_ruser' [C:/Users/zfsalti/488/MP-0/hw/hw.ip_user_files/bd/mp0/ip/mp0_system_ila_0_0/bd_0/ip/ip_1/sim/bd_9b48_g_inst_0.v:3835]
WARNING: [VRFC 10-3091] actual bit length 1 differs from formal bit length 2 for port 'slot_0_axi_wid' [C:/Users/zfsalti/488/MP-0/hw/hw.ip_user_files/bd/mp0/ip/mp0_system_ila_0_0/bd_0/ip/ip_1/sim/bd_9b48_g_inst_0.v:4012]
WARNING: [VRFC 10-5021] port 'ENET0_GMII_RXD' is not connected on this instance [C:/Users/zfsalti/488/MP-0/hw/hw.ip_user_files/bd/mp0/ip/mp0_processing_system7_0_0/sim/mp0_processing_system7_0_0.v:287]
WARNING: [VRFC 10-3027] 'ocm_wr_strb_port0' was previously declared with a different range [/wrk/2020.1/nightly/2020_05_27_2902540/packages/customer/vivado/data/ip/xilinx/processing_system7_vip_v1_0/hdl/processing_system7_vip_v1_0_vl_rfs.sv:3759]
WARNING: [VRFC 10-5021] port 'aclk2x' is not connected on this instance [/wrk/2020.1/nightly/2020_05_27_2902540/packages/customer/vivado/data/ip/xilinx/axi_protocol_converter_v2_1/hdl/axi_protocol_converter_v2_1_vl_rfs.v:4376]
WARNING: [VRFC 10-5021] port 'aclk2x' is not connected on this instance [/wrk/2020.1/nightly/2020_05_27_2902540/packages/customer/vivado/data/ip/xilinx/axi_protocol_converter_v2_1/hdl/axi_protocol_converter_v2_1_vl_rfs.v:4631]
WARNING: [VRFC 10-3705] select index 2 into 'g7s_cc_rst_nsckt.arst_sync_wr' is out of bounds [/wrk/2020.1/nightly/2020_05_27_2902540/packages/customer/vivado/data/ip/xilinx/fifo_generator_v13_2/simulation/fifo_generator_vlog_beh.v:4830]
WARNING: [VRFC 10-3283] element index 64 into 'wrp_strb' is out of bounds [/wrk/2020.1/nightly/2020_05_27_2902540/packages/customer/vivado/data/ip/xilinx/processing_system7_vip_v1_0/hdl/processing_system7_vip_v1_0_vl_rfs.sv:6084]
WARNING: [VRFC 10-3283] element index 128 into 'wrp_strb' is out of bounds [/wrk/2020.1/nightly/2020_05_27_2902540/packages/customer/vivado/data/ip/xilinx/processing_system7_vip_v1_0/hdl/processing_system7_vip_v1_0_vl_rfs.sv:10844]
WARNING: [VRFC 10-3283] element index 128 into 'wrp_strb' is out of bounds [/wrk/2020.1/nightly/2020_05_27_2902540/packages/customer/vivado/data/ip/xilinx/processing_system7_vip_v1_0/hdl/processing_system7_vip_v1_0_vl_rfs.sv:7722]
WARNING: [VRFC 10-3705] select index 4 into 'wr_fifo_rd_ptr' is out of bounds [/wrk/2020.1/nightly/2020_05_27_2902540/packages/customer/vivado/data/ip/xilinx/processing_system7_vip_v1_0/hdl/processing_system7_vip_v1_0_vl_rfs.sv:7935]
WARNING: [VRFC 10-3705] select index 4 into 'ar_cnt' is out of bounds [/wrk/2020.1/nightly/2020_05_27_2902540/packages/customer/vivado/data/ip/xilinx/processing_system7_vip_v1_0/hdl/processing_system7_vip_v1_0_vl_rfs.sv:8074]
WARNING: [VRFC 10-3705] select index 4 into 'wr_rresp_cnt' is out of bounds [/wrk/2020.1/nightly/2020_05_27_2902540/packages/customer/vivado/data/ip/xilinx/processing_system7_vip_v1_0/hdl/processing_system7_vip_v1_0_vl_rfs.sv:8171]
WARNING: [VRFC 10-3705] select index 4 into 'rd_fifo_wr_ptr' is out of bounds [/wrk/2020.1/nightly/2020_05_27_2902540/packages/customer/vivado/data/ip/xilinx/processing_system7_vip_v1_0/hdl/processing_system7_vip_v1_0_vl_rfs.sv:8190]
WARNING: [VRFC 10-3705] select index 4 into 'rd_cnt' is out of bounds [/wrk/2020.1/nightly/2020_05_27_2902540/packages/customer/vivado/data/ip/xilinx/processing_system7_vip_v1_0/hdl/processing_system7_vip_v1_0_vl_rfs.sv:8331]
WARNING: [VRFC 10-3705] select index 4 into 'rresp_time_cnt' is out of bounds [/wrk/2020.1/nightly/2020_05_27_2902540/packages/customer/vivado/data/ip/xilinx/processing_system7_vip_v1_0/hdl/processing_system7_vip_v1_0_vl_rfs.sv:8336]
WARNING: [VRFC 10-3705] select index 4 into 'rd_fifo_rd_ptr' is out of bounds [/wrk/2020.1/nightly/2020_05_27_2902540/packages/customer/vivado/data/ip/xilinx/processing_system7_vip_v1_0/hdl/processing_system7_vip_v1_0_vl_rfs.sv:8341]
Completed static elaboration
Starting simulation data flow analysis
Completed simulation data flow analysis
Time Resolution for simulation is 1ps
Compiling package std.standard
Compiling package std.textio
Compiling package ieee.std_logic_1164
Compiling package ieee.numeric_std
Compiling package unisim.vcomponents
Compiling package ieee.std_logic_arith
Compiling package ieee.std_logic_unsigned
Compiling package synopsys.attributes
Compiling package ieee.std_logic_misc
Compiling package axi_lite_ipif_v3_0_4.ipif_pkg
Compiling package ieee.vital_timing
Compiling package ieee.vital_primitives
Compiling package unisim.vpkg
Compiling package lib_pkg_v1_0_2.lib_pkg
Compiling package axi_vdma_v6_3_9.axi_vdma_pkg
Compiling package fifo_generator_v13_2_5.fifo_generator_v13_2_5_pkg
Compiling package xpm.vcomponents
Compiling package vl.vl_types
Compiling module xil_defaultlib.glbl
Compiling architecture imp of entity axi_lite_ipif_v3_0_4.pselect_f [\pselect_f(c_ab=2,c_aw=2,c_bar="...]
Compiling architecture imp of entity axi_lite_ipif_v3_0_4.pselect_f [\pselect_f(c_ab=2,c_aw=2,c_bar="...]
Compiling architecture imp of entity axi_lite_ipif_v3_0_4.pselect_f [\pselect_f(c_ab=2,c_aw=2,c_bar="...]
Compiling architecture imp of entity axi_lite_ipif_v3_0_4.pselect_f [\pselect_f(c_ab=2,c_aw=2,c_bar="...]
Compiling architecture imp of entity axi_lite_ipif_v3_0_4.address_decoder [\address_decoder(c_bus_awidth=9,...]
Compiling architecture imp of entity axi_lite_ipif_v3_0_4.slave_attachment [\slave_attachment(c_ard_addr_ran...]
Compiling architecture imp of entity axi_lite_ipif_v3_0_4.axi_lite_ipif [\axi_lite_ipif(c_s_axi_addr_widt...]
Compiling architecture fdre_v of entity unisim.FDRE [fdre_default]
Compiling architecture fdr_v of entity unisim.FDR [fdr_default]
Compiling architecture implementation of entity lib_cdc_v1_0_2.cdc_sync [\cdc_sync(c_single_bit=0,c_vecto...]
Compiling architecture imp of entity axi_gpio_v2_0_23.GPIO_Core [\GPIO_Core(c_aw=9,c_gpio_width=8...]
Compiling architecture imp of entity axi_gpio_v2_0_23.axi_gpio [\axi_gpio(c_family="zynq",c_gpio...]
Compiling architecture mp0_axi_gpio_0_0_arch of entity xil_defaultlib.mp0_axi_gpio_0_0 [mp0_axi_gpio_0_0_default]
Compiling architecture implementation of entity lib_cdc_v1_0_2.cdc_sync [\cdc_sync(c_single_bit=0,c_vecto...]
Compiling architecture imp of entity axi_gpio_v2_0_23.GPIO_Core [\GPIO_Core(c_aw=9,c_gpio_width=5...]
Compiling architecture imp of entity axi_gpio_v2_0_23.axi_gpio [\axi_gpio(c_family="zynq",c_gpio...]
Compiling architecture mp0_axi_gpio_0_1_arch of entity xil_defaultlib.mp0_axi_gpio_0_1 [mp0_axi_gpio_0_1_default]
Compiling architecture imp of entity axi_gpio_v2_0_23.GPIO_Core [\GPIO_Core(c_aw=9,c_gpio_width=8...]
Compiling architecture imp of entity axi_gpio_v2_0_23.axi_gpio [\axi_gpio(c_family="zynq",c_gpio...]
Compiling architecture mp0_axi_gpio_0_2_arch of entity xil_defaultlib.mp0_axi_gpio_0_2 [mp0_axi_gpio_0_2_default]
Compiling module fifo_generator_v13_2_5.fifo_generator_v13_2_5_bhv_ver_s...
Compiling module fifo_generator_v13_2_5.fifo_generator_v13_2_5_bhv_ver_p...
Compiling module fifo_generator_v13_2_5.fifo_generator_v13_2_5_CONV_VER(...
Compiling module fifo_generator_v13_2_5.fifo_generator_vlog_beh(C_COMMON...
Compiling module axi_data_fifo_v2_1_20.axi_data_fifo_v2_1_20_fifo_gen(C...
Compiling module axi_data_fifo_v2_1_20.axi_data_fifo_v2_1_20_axic_fifo(...
Compiling module axi_protocol_converter_v2_1_21.axi_protocol_converter_v2_1_21_a...
Compiling module axi_protocol_converter_v2_1_21.axi_protocol_converter_v2_1_21_r...
Compiling module axi_protocol_converter_v2_1_21.axi_protocol_converter_v2_1_21_a...
Compiling module axi_protocol_converter_v2_1_21.axi_protocol_converter_v2_1_21_a...
Compiling module xil_defaultlib.mp0_auto_pc_1
Compiling architecture structure of entity xil_defaultlib.s00_couplers_imp_1UUXTBJ [s00_couplers_imp_1uuxtbj_default]
Compiling architecture structure of entity xil_defaultlib.mp0_axi_mem_intercon_0 [mp0_axi_mem_intercon_0_default]
Compiling architecture implementation of entity axi_vdma_v6_3_9.axi_vdma_sm [\axi_vdma_sm(c_include_sf=1,c_pr...]
Compiling architecture implementation of entity axi_vdma_v6_3_9.axi_vdma_cmdsts_if [\axi_vdma_cmdsts_if(c_include_s2...]
Compiling architecture implementation of entity axi_vdma_v6_3_9.axi_vdma_sts_mngr [axi_vdma_sts_mngr_default]
Compiling architecture implementation of entity axi_vdma_v6_3_9.axi_vdma_vregister [axi_vdma_vregister_default]
Compiling architecture implementation of entity axi_vdma_v6_3_9.axi_vdma_vaddrreg_mux [axi_vdma_vaddrreg_mux_default]
Compiling architecture implementation of entity axi_vdma_v6_3_9.axi_vdma_vidreg_module [\axi_vdma_vidreg_module(c_includ...]
Compiling architecture implementation of entity axi_vdma_v6_3_9.axi_vdma_genlock_mngr [\axi_vdma_genlock_mngr(c_num_fst...]
Compiling architecture implementation of entity axi_vdma_v6_3_9.axi_vdma_mngr [\axi_vdma_mngr(c_prmry_is_aclk_a...]
Compiling architecture implementation of entity axi_vdma_v6_3_9.axi_vdma_regdirect [\axi_vdma_regdirect(c_num_regist...]
Compiling architecture implementation of entity axi_vdma_v6_3_9.axi_vdma_register [\axi_vdma_register(c_num_fstores...]
Compiling architecture implementation of entity axi_vdma_v6_3_9.axi_vdma_reg_mux [\axi_vdma_reg_mux(c_total_num_re...]
Compiling architecture implementation of entity axi_vdma_v6_3_9.axi_vdma_reg_module [\axi_vdma_reg_module(c_total_num...]
Compiling architecture implementation of entity axi_vdma_v6_3_9.axi_vdma_fsync_gen [\axi_vdma_fsync_gen(c_include_mm...]
Compiling architecture implementation of entity axi_vdma_v6_3_9.axi_vdma_vid_cdc [\axi_vdma_vid_cdc(c_prmry_is_acl...]
Compiling architecture implementation of entity axi_vdma_v6_3_9.axi_vdma_sof_gen [axi_vdma_sof_gen_default]
Compiling architecture xilinx of entity fifo_generator_v13_2_5.reset_builtin [\reset_builtin(c_common_clock=0,...]
Compiling architecture ff36_internal_vhdl_v of entity unisim.FF36_INTERNAL_VHDL [\FF36_INTERNAL_VHDL(almost_full_...]
Compiling architecture fifo36e1_v of entity unisim.FIFO36E1 [\FIFO36E1(almost_full_offset="00...]
Compiling architecture xilinx of entity fifo_generator_v13_2_5.builtin_prim_v6 [\builtin_prim_v6(c_family="7SERI...]
Compiling architecture xilinx of entity fifo_generator_v13_2_5.builtin_extdepth_v6 [\builtin_extdepth_v6(c_family="7...]
Compiling architecture xilinx of entity fifo_generator_v13_2_5.builtin_top_v6 [\builtin_top_v6(c_family="7SERIE...]
Compiling architecture xilinx of entity fifo_generator_v13_2_5.input_blk [\input_blk(c_common_clock=0,c_di...]
Compiling architecture xilinx of entity fifo_generator_v13_2_5.output_blk [\output_blk(c_dout_width=18,c_pk...]
Compiling architecture xilinx of entity fifo_generator_v13_2_5.fifo_generator_v13_2_5_builtin [\fifo_generator_v13_2_5_builtin(...]
Compiling architecture xilinx of entity fifo_generator_v13_2_5.fifo_generator_top [\fifo_generator_top(c_en_safety_...]
Compiling architecture xilinx of entity fifo_generator_v13_2_5.fifo_generator_v13_2_5_synth [\fifo_generator_v13_2_5_synth(c_...]
Compiling architecture xilinx of entity axi_vdma_v6_3_9.axi_vdma_afifo_builtin [\axi_vdma_afifo_builtin(pl_fifo_...]
Compiling architecture implementation of entity axi_vdma_v6_3_9.axi_vdma_skid_buf [\axi_vdma_skid_buf(c_wdata_width...]
Compiling architecture implementation of entity lib_cdc_v1_0_2.cdc_sync [\cdc_sync(c_reset_state=1,c_flop...]
Compiling architecture implementation of entity axi_vdma_v6_3_9.axi_vdma_mm2s_linebuf [\axi_vdma_mm2s_linebuf(c_data_wi...]
Compiling architecture implementation of entity lib_cdc_v1_0_2.cdc_sync [\cdc_sync(c_cdc_type=0,c_flop_in...]
Compiling architecture implementation of entity lib_cdc_v1_0_2.cdc_sync [\cdc_sync(c_flop_input=1,c_mtbf_...]
Compiling architecture implementation of entity axi_vdma_v6_3_9.axi_vdma_reset [\axi_vdma_reset(c_prmry_is_aclk_...]
Compiling architecture implementation of entity axi_vdma_v6_3_9.axi_vdma_rst_module [\axi_vdma_rst_module(c_include_s...]
Compiling architecture implementation of entity lib_cdc_v1_0_2.cdc_sync [\cdc_sync(c_cdc_type=0,c_reset_s...]
Compiling architecture implementation of entity axi_vdma_v6_3_9.axi_vdma_lite_if [\axi_vdma_lite_if(c_s2mm_is=0,c_...]
Compiling architecture implementation of entity lib_cdc_v1_0_2.cdc_sync [\cdc_sync(c_reset_state=1,c_flop...]
Compiling architecture implementation of entity axi_vdma_v6_3_9.axi_vdma_reg_if [\axi_vdma_reg_if(c_include_s2mm=...]
Compiling architecture implementation of entity axi_vdma_v6_3_9.axi_vdma_intrpt [\axi_vdma_intrpt(c_enable_debug_...]
Compiling architecture behavioral of entity lib_srl_fifo_v1_0_2.dynshreg_f [\dynshreg_f(c_depth=4,c_dwidth=9...]
Compiling architecture imp of entity lib_srl_fifo_v1_0_2.srl_fifo_rbu_f [\srl_fifo_rbu_f(c_dwidth=9,c_dep...]
Compiling architecture imp of entity lib_srl_fifo_v1_0_2.srl_fifo_f [\srl_fifo_f(c_dwidth=9,c_depth=4...]
Compiling architecture imp of entity axi_datamover_v5_1_23.axi_datamover_fifo [\axi_datamover_fifo(c_dwidth=9,c...]
Compiling module xpm.xpm_fifo_rst_default
Compiling module xpm.xpm_fifo_reg_bit
Compiling module xpm.xpm_counter_updn(COUNTER_WIDTH=8...
Compiling module xpm.xpm_counter_updn(COUNTER_WIDTH=7...
Compiling module xpm.xpm_counter_updn(COUNTER_WIDTH=7...
Compiling module xpm.xpm_counter_updn(COUNTER_WIDTH=7...
Compiling module xpm.xpm_memory_base(MEMORY_TYPE=1,ME...
Compiling module xpm.xpm_counter_updn(COUNTER_WIDTH=2...
Compiling module xpm.xpm_fifo_base(FIFO_MEMORY_TYPE=2...
Compiling module xpm.xpm_fifo_sync(FIFO_MEMORY_TYPE="...
Compiling architecture implementation of entity lib_fifo_v1_0_14.sync_fifo_fg [\sync_fifo_fg(c_family="zynq",c_...]
Compiling architecture imp of entity axi_datamover_v5_1_23.axi_datamover_sfifo_autord [\axi_datamover_sfifo_autord(c_dw...]
Compiling architecture implementation of entity axi_datamover_v5_1_23.axi_datamover_rd_sf [\axi_datamover_rd_sf(c_sf_fifo_d...]
Compiling architecture implementation of entity axi_datamover_v5_1_23.axi_datamover_reset [axi_datamover_reset_default]
Compiling architecture behavioral of entity lib_srl_fifo_v1_0_2.dynshreg_f [\dynshreg_f(c_depth=4,c_dwidth=8...]
Compiling architecture imp of entity lib_srl_fifo_v1_0_2.srl_fifo_rbu_f [\srl_fifo_rbu_f(c_dwidth=8,c_dep...]
Compiling architecture imp of entity lib_srl_fifo_v1_0_2.srl_fifo_f [\srl_fifo_f(c_dwidth=8,c_depth=4...]
Compiling architecture imp of entity axi_datamover_v5_1_23.axi_datamover_fifo [\axi_datamover_fifo(c_dwidth=8,c...]
Compiling architecture imp of entity lib_srl_fifo_v1_0_2.cntr_incr_decr_addn_f [\cntr_incr_decr_addn_f(c_size=3,...]
Compiling architecture behavioral of entity lib_srl_fifo_v1_0_2.dynshreg_f [\dynshreg_f(c_depth=4,c_dwidth=6...]
Compiling architecture imp of entity lib_srl_fifo_v1_0_2.srl_fifo_rbu_f [\srl_fifo_rbu_f(c_dwidth=68,c_de...]
Compiling architecture imp of entity lib_srl_fifo_v1_0_2.srl_fifo_f [\srl_fifo_f(c_dwidth=68,c_depth=...]
Compiling architecture imp of entity axi_datamover_v5_1_23.axi_datamover_fifo [\axi_datamover_fifo(c_dwidth=68,...]
Compiling architecture implementation of entity axi_datamover_v5_1_23.axi_datamover_cmd_status [\axi_datamover_cmd_status(c_fami...]
Compiling architecture implementation of entity axi_datamover_v5_1_23.axi_datamover_rd_status_cntl [axi_datamover_rd_status_cntl_def...]
Compiling architecture implementation of entity axi_datamover_v5_1_23.axi_datamover_strb_gen2 [axi_datamover_strb_gen2_default]
Compiling architecture implementation of entity axi_datamover_v5_1_23.axi_datamover_strb_gen2 [\axi_datamover_strb_gen2(c_op_mo...]
Compiling architecture implementation of entity axi_datamover_v5_1_23.axi_datamover_pcc [\axi_datamover_pcc(c_is_mm2s=1,c...]
Compiling architecture behavioral of entity lib_srl_fifo_v1_0_2.dynshreg_f [\dynshreg_f(c_depth=4,c_dwidth=5...]
Compiling architecture imp of entity lib_srl_fifo_v1_0_2.srl_fifo_rbu_f [\srl_fifo_rbu_f(c_dwidth=59,c_de...]
Compiling architecture imp of entity lib_srl_fifo_v1_0_2.srl_fifo_f [\srl_fifo_f(c_dwidth=59,c_depth=...]
Compiling architecture imp of entity axi_datamover_v5_1_23.axi_datamover_fifo [\axi_datamover_fifo(c_dwidth=59,...]
Compiling architecture implementation of entity axi_datamover_v5_1_23.axi_datamover_addr_cntl [\axi_datamover_addr_cntl(c_famil...]
Compiling architecture behavioral of entity lib_srl_fifo_v1_0_2.dynshreg_f [\dynshreg_f(c_depth=4,c_dwidth=3...]
Compiling architecture imp of entity lib_srl_fifo_v1_0_2.srl_fifo_rbu_f [\srl_fifo_rbu_f(c_dwidth=38,c_de...]
Compiling architecture imp of entity lib_srl_fifo_v1_0_2.srl_fifo_f [\srl_fifo_f(c_dwidth=38,c_depth=...]
Compiling architecture imp of entity axi_datamover_v5_1_23.axi_datamover_fifo [\axi_datamover_fifo(c_dwidth=38,...]
Compiling architecture implementation of entity axi_datamover_v5_1_23.axi_datamover_rdmux [\axi_datamover_rdmux(c_sel_addr_...]
Compiling architecture implementation of entity axi_datamover_v5_1_23.axi_datamover_rddata_cntl [\axi_datamover_rddata_cntl(c_ali...]
Compiling architecture implementation of entity axi_datamover_v5_1_23.axi_datamover_mm2s_full_wrap [\axi_datamover_mm2s_full_wrap(c_...]
Compiling architecture implementation of entity axi_datamover_v5_1_23.axi_datamover_s2mm_omit_wrap [\axi_datamover_s2mm_omit_wrap(c_...]
Compiling architecture implementation of entity axi_datamover_v5_1_23.axi_datamover [\axi_datamover(c_include_mm2s=1,...]
Compiling architecture implementation of entity axi_vdma_v6_3_9.axi_vdma [\axi_vdma(c_num_fstores=1,c_mm2s...]
Compiling architecture mp0_axi_vdma_0_0_arch of entity xil_defaultlib.mp0_axi_vdma_0_0 [mp0_axi_vdma_0_0_default]
Compiling module unisims_ver.IBUF
Compiling module unisims_ver.MMCME2_ADV(CLKFBOUT_MULT_F=9.125...
Compiling module unisims_ver.BUFG
Compiling module xil_defaultlib.mp0_clk_wiz_0_1_clk_wiz
Compiling module xil_defaultlib.mp0_clk_wiz_0_1
Compiling module processing_system7_vip_v1_0_9.processing_system7_vip_v1_0_9_ge...
Compiling module processing_system7_vip_v1_0_9.processing_system7_vip_v1_0_9_ge...
Compiling module processing_system7_vip_v1_0_9.processing_system7_vip_v1_0_9_ar...
Compiling module processing_system7_vip_v1_0_9.processing_system7_vip_v1_0_9_ar...
Compiling module processing_system7_vip_v1_0_9.processing_system7_vip_v1_0_9_fm...
Compiling module processing_system7_vip_v1_0_9.processing_system7_vip_v1_0_9_ar...
Compiling module processing_system7_vip_v1_0_9.processing_system7_vip_v1_0_9_ar...
Compiling module processing_system7_vip_v1_0_9.processing_system7_vip_v1_0_9_ar...
Compiling module processing_system7_vip_v1_0_9.processing_system7_vip_v1_0_9_ar...
Compiling module processing_system7_vip_v1_0_9.processing_system7_vip_v1_0_9_ss...
Compiling module processing_system7_vip_v1_0_9.processing_system7_vip_v1_0_9_in...
Compiling module processing_system7_vip_v1_0_9.processing_system7_vip_v1_0_9_sp...
Compiling module processing_system7_vip_v1_0_9.processing_system7_vip_v1_0_9_dd...
Compiling module processing_system7_vip_v1_0_9.processing_system7_vip_v1_0_9_oc...
Compiling module processing_system7_vip_v1_0_9.processing_system7_vip_v1_0_9_oc...
Compiling module processing_system7_vip_v1_0_9.processing_system7_vip_v1_0_9_re...
Compiling module processing_system7_vip_v1_0_9.processing_system7_vip_v1_0_9_re...
Compiling module xilinx_vip.axi_vip_axi4pc(WDATA_WIDTH=32,RD...
Compiling module xilinx_vip.cb
Compiling module xilinx_vip.axi_vip_if(C_AXI_PROTOCOL=1,C_AX...
Compiling module axi_vip_v1_1_7.axi_vip_v1_1_7_top(C_AXI_PROTOCO...
Compiling module processing_system7_vip_v1_0_9.processing_system7_vip_v1_0_9_ax...
Compiling module processing_system7_vip_v1_0_9.processing_system7_vip_v1_0_9_ax...
Compiling module xilinx_vip.axi_vip_axi4pc(WDATA_WIDTH=32,RD...
Compiling module xilinx_vip.cb
Compiling module xilinx_vip.axi_vip_if(C_AXI_PROTOCOL=1,C_AX...
Compiling module axi_vip_v1_1_7.axi_vip_v1_1_7_top(C_AXI_PROTOCO...
Compiling module processing_system7_vip_v1_0_9.processing_system7_vip_v1_0_9_ax...
Compiling module processing_system7_vip_v1_0_9.processing_system7_vip_v1_0_9_ax...
Compiling module xilinx_vip.axi_vip_axi4pc(PROTOCOL=1,RID_WI...
Compiling module xilinx_vip.cb
Compiling module xilinx_vip.axi_vip_if(C_AXI_PROTOCOL=1,C_AX...
Compiling module axi_vip_v1_1_7.axi_vip_v1_1_7_top(C_AXI_PROTOCO...
Compiling module processing_system7_vip_v1_0_9.processing_system7_vip_v1_0_9_in...
Compiling module processing_system7_vip_v1_0_9.processing_system7_vip_v1_0_9_af...
Compiling module processing_system7_vip_v1_0_9.processing_system7_vip_v1_0_9_af...
Compiling module processing_system7_vip_v1_0_9.processing_system7_vip_v1_0_9_af...
Compiling module processing_system7_vip_v1_0_9.processing_system7_vip_v1_0_9_af...
Compiling module xilinx_vip.axi_vip_axi4pc(PROTOCOL=1,RID_WI...
Compiling module xilinx_vip.cb
Compiling module xilinx_vip.axi_vip_if(C_AXI_PROTOCOL=1,C_AX...
Compiling module axi_vip_v1_1_7.axi_vip_v1_1_7_top(C_AXI_PROTOCO...
Compiling module processing_system7_vip_v1_0_9.processing_system7_vip_v1_0_9_ax...
Compiling module processing_system7_vip_v1_0_9.processing_system7_vip_v1_0_9(C_...
Compiling module xil_defaultlib.mp0_processing_system7_0_0
Compiling architecture structure of entity xil_defaultlib.m00_couplers_imp_LWWTKB [m00_couplers_imp_lwwtkb_default]
Compiling architecture structure of entity xil_defaultlib.m01_couplers_imp_14WK8J2 [m01_couplers_imp_14wk8j2_default]
Compiling architecture structure of entity xil_defaultlib.m02_couplers_imp_CXYVHC [m02_couplers_imp_cxyvhc_default]
Compiling architecture structure of entity xil_defaultlib.m03_couplers_imp_1VH5MCL [m03_couplers_imp_1vh5mcl_default]
Compiling module axi_infrastructure_v1_1_0.axi_infrastructure_v1_1_0_axi2ve...
Compiling module axi_infrastructure_v1_1_0.axi_infrastructure_v1_1_0_vector...
Compiling module axi_register_slice_v2_1_21.axi_register_slice_v2_1_21_axic_...
Compiling module axi_register_slice_v2_1_21.axi_register_slice_v2_1_21_axic_...
Compiling module axi_register_slice_v2_1_21.axi_register_slice_v2_1_21_axic_...
Compiling module axi_register_slice_v2_1_21.axi_register_slice_v2_1_21_axic_...
Compiling module axi_register_slice_v2_1_21.axi_register_slice_v2_1_21_axi_r...
Compiling module axi_protocol_converter_v2_1_21.axi_protocol_converter_v2_1_21_b...
Compiling module axi_protocol_converter_v2_1_21.axi_protocol_converter_v2_1_21_b...
Compiling module axi_protocol_converter_v2_1_21.axi_protocol_converter_v2_1_21_b...
Compiling module axi_protocol_converter_v2_1_21.axi_protocol_converter_v2_1_21_b...
Compiling module axi_protocol_converter_v2_1_21.axi_protocol_converter_v2_1_21_b...
Compiling module axi_protocol_converter_v2_1_21.axi_protocol_converter_v2_1_21_b...
Compiling module axi_protocol_converter_v2_1_21.axi_protocol_converter_v2_1_21_b...
Compiling module axi_protocol_converter_v2_1_21.axi_protocol_converter_v2_1_21_b...
Compiling module axi_protocol_converter_v2_1_21.axi_protocol_converter_v2_1_21_b...
Compiling module axi_protocol_converter_v2_1_21.axi_protocol_converter_v2_1_21_b...
Compiling module axi_protocol_converter_v2_1_21.axi_protocol_converter_v2_1_21_b...
Compiling module axi_protocol_converter_v2_1_21.axi_protocol_converter_v2_1_21_b...
Compiling module axi_protocol_converter_v2_1_21.axi_protocol_converter_v2_1_21_b...
Compiling module axi_infrastructure_v1_1_0.axi_infrastructure_v1_1_0_axi2ve...
Compiling module axi_infrastructure_v1_1_0.axi_infrastructure_v1_1_0_vector...
Compiling module axi_register_slice_v2_1_21.axi_register_slice_v2_1_21_axic_...
Compiling module axi_register_slice_v2_1_21.axi_register_slice_v2_1_21_axic_...
Compiling module axi_register_slice_v2_1_21.axi_register_slice_v2_1_21_axic_...
Compiling module axi_register_slice_v2_1_21.axi_register_slice_v2_1_21_axic_...
Compiling module axi_register_slice_v2_1_21.axi_register_slice_v2_1_21_axi_r...
Compiling module axi_protocol_converter_v2_1_21.axi_protocol_converter_v2_1_21_b...
Compiling module axi_protocol_converter_v2_1_21.axi_protocol_converter_v2_1_21_a...
Compiling module xil_defaultlib.mp0_auto_pc_0
Compiling architecture structure of entity xil_defaultlib.s00_couplers_imp_1SCKYA9 [s00_couplers_imp_1sckya9_default]
Compiling module axi_crossbar_v2_1_22.axi_crossbar_v2_1_22_addr_arbite...
Compiling module generic_baseblocks_v2_1_0.generic_baseblocks_v2_1_0_carry_...
Compiling module generic_baseblocks_v2_1_0.generic_baseblocks_v2_1_0_compar...
Compiling module generic_baseblocks_v2_1_0.generic_baseblocks_v2_1_0_compar...
Compiling module generic_baseblocks_v2_1_0.generic_baseblocks_v2_1_0_compar...
Compiling module generic_baseblocks_v2_1_0.generic_baseblocks_v2_1_0_compar...
Compiling module axi_crossbar_v2_1_22.axi_crossbar_v2_1_22_addr_decode...
Compiling module axi_crossbar_v2_1_22.axi_crossbar_v2_1_22_splitter(C_...
Compiling module axi_crossbar_v2_1_22.axi_crossbar_v2_1_22_splitter
Compiling module generic_baseblocks_v2_1_0.generic_baseblocks_v2_1_0_mux_en...
Compiling module generic_baseblocks_v2_1_0.generic_baseblocks_v2_1_0_mux_en...
Compiling module generic_baseblocks_v2_1_0.generic_baseblocks_v2_1_0_mux_en...
Compiling module axi_register_slice_v2_1_21.axi_register_slice_v2_1_21_axic_...
Compiling module generic_baseblocks_v2_1_0.generic_baseblocks_v2_1_0_mux_en...
Compiling module axi_crossbar_v2_1_22.axi_crossbar_v2_1_22_decerr_slav...
Compiling module axi_crossbar_v2_1_22.axi_crossbar_v2_1_22_crossbar_sa...
Compiling module axi_crossbar_v2_1_22.axi_crossbar_v2_1_22_axi_crossba...
Compiling module xil_defaultlib.mp0_xbar_0
Compiling architecture structure of entity xil_defaultlib.mp0_ps7_0_axi_periph_1 [mp0_ps7_0_axi_periph_1_default]
Compiling architecture fdre_v of entity unisim.FDRE [\FDRE(init='1')\]
Compiling architecture implementation of entity lib_cdc_v1_0_2.cdc_sync [\cdc_sync(c_vector_width=2,c_mtb...]
Compiling architecture srl16e_v of entity unisim.SRL16E [\SRL16E(init="1111111111111111")...]
Compiling architecture srl16_v of entity unisim.SRL16 [\SRL16(init="1111111111111111")(...]
Compiling architecture imp of entity proc_sys_reset_v5_0_13.lpf [\lpf(c_ext_rst_width=4,c_aux_rst...]
Compiling architecture imp of entity proc_sys_reset_v5_0_13.upcnt_n [\upcnt_n(c_size=6)\]
Compiling architecture imp of entity proc_sys_reset_v5_0_13.sequence_psr [sequence_psr_default]
Compiling architecture imp of entity proc_sys_reset_v5_0_13.proc_sys_reset [\proc_sys_reset(c_family="zynq",...]
Compiling architecture mp0_rst_ps7_0_100m_1_arch of entity xil_defaultlib.mp0_rst_ps7_0_100M_1 [mp0_rst_ps7_0_100m_1_default]
Compiling module xil_defaultlib.bd_9b48_g_inst_0_gigantic_mux(C_...
Compiling module xil_defaultlib.bd_9b48_g_inst_0
Compiling architecture bd_9b48_ila_lib_0_arch of entity xil_defaultlib.bd_9b48_ila_lib_0 [bd_9b48_ila_lib_0_default]
Compiling module xlconcat_v2_1_3.xlconcat_v2_1_3_xlconcat_default
Compiling module xil_defaultlib.bd_9b48_slot_0_ar_0
Compiling module xlconcat_v2_1_3.xlconcat_v2_1_3_xlconcat_default...
Compiling module xil_defaultlib.bd_9b48_slot_0_aw_0
Compiling module xlconcat_v2_1_3.xlconcat_v2_1_3_xlconcat_default...
Compiling module xil_defaultlib.bd_9b48_slot_0_b_0
Compiling module xlconcat_v2_1_3.xlconcat_v2_1_3_xlconcat_default...
Compiling module xil_defaultlib.bd_9b48_slot_0_r_0
Compiling module xlconcat_v2_1_3.xlconcat_v2_1_3_xlconcat_default...
Compiling module xil_defaultlib.bd_9b48_slot_0_w_0
Compiling package xilinx_vip.axi_vip_pkg
Compiling package xilinx_vip.xil_common_vip_pkg
Compiling package std.std
Compiling architecture structure of entity xil_defaultlib.bd_9b48 [bd_9b48_default]
Compiling architecture mp0_system_ila_0_0_arch of entity xil_defaultlib.mp0_system_ila_0_0 [mp0_system_ila_0_0_default]
Compiling architecture structure of entity xil_defaultlib.mp0 [mp0_default]
Compiling architecture structure of entity xil_defaultlib.mp0_wrapper
Built simulation snapshot mp0_wrapper_behav
