INFO: [VRFC 10-163] Analyzing VHDL file "C:/Users/zfsalti/488/MP-0/hw/hw.ip_user_files/bd/mp0/ip/mp0_axi_gpio_0_0/sim/mp0_axi_gpio_0_0.vhd" into library xil_defaultlib
INFO: [VRFC 10-3107] analyzing entity 'mp0_axi_gpio_0_0'
INFO: [VRFC 10-163] Analyzing VHDL file "C:/Users/zfsalti/488/MP-0/hw/hw.ip_user_files/bd/mp0/ip/mp0_axi_gpio_0_1/sim/mp0_axi_gpio_0_1.vhd" into library xil_defaultlib
INFO: [VRFC 10-3107] analyzing entity 'mp0_axi_gpio_0_1'
INFO: [VRFC 10-163] Analyzing VHDL file "C:/Users/zfsalti/488/MP-0/hw/hw.ip_user_files/bd/mp0/ip/mp0_axi_gpio_0_2/sim/mp0_axi_gpio_0_2.vhd" into library xil_defaultlib
INFO: [VRFC 10-3107] analyzing entity 'mp0_axi_gpio_0_2'
INFO: [VRFC 10-163] Analyzing VHDL file "C:/Users/zfsalti/488/MP-0/hw/hw.ip_user_files/bd/mp0/ip/mp0_rst_ps7_0_100M_1/sim/mp0_rst_ps7_0_100M_1.vhd" into library xil_defaultlib
INFO: [VRFC 10-3107] analyzing entity 'mp0_rst_ps7_0_100M_1'
INFO: [VRFC 10-163] Analyzing VHDL file "C:/Users/zfsalti/488/MP-0/hw/hw.ip_user_files/bd/mp0/ip/mp0_system_ila_0_0/bd_0/sim/bd_9b48.vhd" into library xil_defaultlib
INFO: [VRFC 10-3107] analyzing entity 'bd_9b48'
INFO: [VRFC 10-163] Analyzing VHDL file "C:/Users/zfsalti/488/MP-0/hw/hw.ip_user_files/bd/mp0/ip/mp0_system_ila_0_0/bd_0/ip/ip_0/sim/bd_9b48_ila_lib_0.vhd" into library xil_defaultlib
INFO: [VRFC 10-3107] analyzing entity 'bd_9b48_ila_lib_0'
INFO: [VRFC 10-163] Analyzing VHDL file "C:/Users/zfsalti/488/MP-0/hw/hw.ip_user_files/bd/mp0/ip/mp0_system_ila_0_0/sim/mp0_system_ila_0_0.vhd" into library xil_defaultlib
INFO: [VRFC 10-3107] analyzing entity 'mp0_system_ila_0_0'
INFO: [VRFC 10-163] Analyzing VHDL file "C:/Users/zfsalti/488/MP-0/hw/hw.ip_user_files/bd/mp0/sim/mp0.vhd" into library xil_defaultlib
INFO: [VRFC 10-3107] analyzing entity 'm00_couplers_imp_LWWTKB'
INFO: [VRFC 10-3107] analyzing entity 'm01_couplers_imp_14WK8J2'
INFO: [VRFC 10-3107] analyzing entity 'm02_couplers_imp_CXYVHC'
INFO: [VRFC 10-3107] analyzing entity 'm03_couplers_imp_1VH5MCL'
INFO: [VRFC 10-3107] analyzing entity 's00_couplers_imp_1SCKYA9'
INFO: [VRFC 10-3107] analyzing entity 's00_couplers_imp_1UUXTBJ'
INFO: [VRFC 10-3107] analyzing entity 'mp0_axi_mem_intercon_0'
INFO: [VRFC 10-3107] analyzing entity 'mp0_ps7_0_axi_periph_1'
INFO: [VRFC 10-3107] analyzing entity 'mp0'
INFO: [VRFC 10-163] Analyzing VHDL file "C:/Users/zfsalti/488/MP-0/hw/hw.ip_user_files/bd/mp0/ip/mp0_axi_vdma_0_0/sim/mp0_axi_vdma_0_0.vhd" into library xil_defaultlib
INFO: [VRFC 10-3107] analyzing entity 'mp0_axi_vdma_0_0'
INFO: [VRFC 10-163] Analyzing VHDL file "C:/Users/zfsalti/488/MP-0/hw/hdl/mp0/hdl/mp0_wrapper.vhd" into library xil_defaultlib
INFO: [VRFC 10-3107] analyzing entity 'mp0_wrapper'
