INFO: [VRFC 10-2263] Analyzing Verilog file "C:/Users/zfsalti/488/MP-0/hw/hw.ip_user_files/bd/mp0/ip/mp0_processing_system7_0_0/sim/mp0_processing_system7_0_0.v" into library xil_defaultlib
INFO: [VRFC 10-311] analyzing module mp0_processing_system7_0_0
INFO: [VRFC 10-2263] Analyzing Verilog file "C:/Users/zfsalti/488/MP-0/hw/hw.ip_user_files/bd/mp0/ip/mp0_xbar_0/sim/mp0_xbar_0.v" into library xil_defaultlib
INFO: [VRFC 10-311] analyzing module mp0_xbar_0
INFO: [VRFC 10-2263] Analyzing Verilog file "C:/Users/zfsalti/488/MP-0/hw/hw.ip_user_files/bd/mp0/ip/mp0_system_ila_0_0/bd_0/ip/ip_1/bd_9b48_g_inst_0_gigantic_mux.v" into library xil_defaultlib
INFO: [VRFC 10-311] analyzing module bd_9b48_g_inst_0_gigantic_mux
INFO: [VRFC 10-2263] Analyzing Verilog file "C:/Users/zfsalti/488/MP-0/hw/hw.ip_user_files/bd/mp0/ip/mp0_system_ila_0_0/bd_0/ip/ip_1/sim/bd_9b48_g_inst_0.v" into library xil_defaultlib
INFO: [VRFC 10-311] analyzing module bd_9b48_g_inst_0
INFO: [VRFC 10-2263] Analyzing Verilog file "C:/Users/zfsalti/488/MP-0/hw/hw.ip_user_files/bd/mp0/ip/mp0_system_ila_0_0/bd_0/ip/ip_2/sim/bd_9b48_slot_0_aw_0.v" into library xil_defaultlib
INFO: [VRFC 10-311] analyzing module bd_9b48_slot_0_aw_0
INFO: [VRFC 10-2263] Analyzing Verilog file "C:/Users/zfsalti/488/MP-0/hw/hw.ip_user_files/bd/mp0/ip/mp0_system_ila_0_0/bd_0/ip/ip_3/sim/bd_9b48_slot_0_w_0.v" into library xil_defaultlib
INFO: [VRFC 10-311] analyzing module bd_9b48_slot_0_w_0
INFO: [VRFC 10-2263] Analyzing Verilog file "C:/Users/zfsalti/488/MP-0/hw/hw.ip_user_files/bd/mp0/ip/mp0_system_ila_0_0/bd_0/ip/ip_4/sim/bd_9b48_slot_0_b_0.v" into library xil_defaultlib
INFO: [VRFC 10-311] analyzing module bd_9b48_slot_0_b_0
INFO: [VRFC 10-2263] Analyzing Verilog file "C:/Users/zfsalti/488/MP-0/hw/hw.ip_user_files/bd/mp0/ip/mp0_system_ila_0_0/bd_0/ip/ip_5/sim/bd_9b48_slot_0_ar_0.v" into library xil_defaultlib
INFO: [VRFC 10-311] analyzing module bd_9b48_slot_0_ar_0
INFO: [VRFC 10-2263] Analyzing Verilog file "C:/Users/zfsalti/488/MP-0/hw/hw.ip_user_files/bd/mp0/ip/mp0_system_ila_0_0/bd_0/ip/ip_6/sim/bd_9b48_slot_0_r_0.v" into library xil_defaultlib
INFO: [VRFC 10-311] analyzing module bd_9b48_slot_0_r_0
INFO: [VRFC 10-2263] Analyzing Verilog file "C:/Users/zfsalti/488/MP-0/hw/hw.ip_user_files/bd/mp0/ip/mp0_clk_wiz_0_1/mp0_clk_wiz_0_1_clk_wiz.v" into library xil_defaultlib
INFO: [VRFC 10-311] analyzing module mp0_clk_wiz_0_1_clk_wiz
INFO: [VRFC 10-2263] Analyzing Verilog file "C:/Users/zfsalti/488/MP-0/hw/hw.ip_user_files/bd/mp0/ip/mp0_clk_wiz_0_1/mp0_clk_wiz_0_1.v" into library xil_defaultlib
INFO: [VRFC 10-311] analyzing module mp0_clk_wiz_0_1
INFO: [VRFC 10-2263] Analyzing Verilog file "C:/Users/zfsalti/488/MP-0/hw/hw.ip_user_files/bd/mp0/ip/mp0_auto_pc_0/sim/mp0_auto_pc_0.v" into library xil_defaultlib
INFO: [VRFC 10-311] analyzing module mp0_auto_pc_0
INFO: [VRFC 10-2263] Analyzing Verilog file "C:/Users/zfsalti/488/MP-0/hw/hw.ip_user_files/bd/mp0/ip/mp0_auto_pc_1/sim/mp0_auto_pc_1.v" into library xil_defaultlib
INFO: [VRFC 10-311] analyzing module mp0_auto_pc_1
INFO: [VRFC 10-2263] Analyzing Verilog file "C:/Users/zfsalti/488/MP-0/hw/hw.sim/sim_1/behav/xsim/glbl.v" into library xil_defaultlib
INFO: [VRFC 10-311] analyzing module glbl
